[0.246s] DEBUG:colcon:Command line arguments: ['/usr/bin/colcon', 'build', '--symlink-install']
[0.246s] DEBUG:colcon:Parsed command line arguments: Namespace(log_base=None, log_level=None, verb_name='build', build_base='build', install_base='install', merge_install=False, symlink_install=True, test_result_base=None, continue_on_error=False, executor='parallel', parallel_workers=8, event_handlers=None, ignore_user_meta=False, metas=['./colcon.meta'], base_paths=['.'], packages_ignore=None, packages_ignore_regex=None, paths=None, packages_up_to=None, packages_up_to_regex=None, packages_above=None, packages_above_and_dependencies=None, packages_above_depth=None, packages_select_by_dep=None, packages_skip_by_dep=None, packages_skip_up_to=None, packages_select_build_failed=False, packages_skip_build_finished=False, packages_select_test_failures=False, packages_skip_test_passed=False, packages_select=None, packages_skip=None, packages_select_regex=None, packages_skip_regex=None, packages_start=None, packages_end=None, allow_overriding=[], cmake_args=None, cmake_target=None, cmake_target_skip_unavailable=False, cmake_clean_cache=False, cmake_clean_first=False, cmake_force_configure=False, ament_cmake_args=None, catkin_cmake_args=None, catkin_skip_building_tests=False, verb_parser=<colcon_defaults.argument_parser.defaults.DefaultArgumentsDecorator object at 0xffff947ff580>, verb_extension=<colcon_core.verb.build.BuildVerb object at 0xffff947fe6e0>, main=<bound method BuildVerb.main of <colcon_core.verb.build.BuildVerb object at 0xffff947fe6e0>>)
[0.668s] Level 1:colcon.colcon_core.package_discovery:discover_packages(colcon_meta) check parameters
[0.668s] Level 1:colcon.colcon_core.package_discovery:discover_packages(recursive) check parameters
[0.668s] Level 1:colcon.colcon_core.package_discovery:discover_packages(ignore) check parameters
[0.668s] Level 1:colcon.colcon_core.package_discovery:discover_packages(path) check parameters
[0.669s] Level 1:colcon.colcon_core.package_discovery:discover_packages(colcon_meta) discover
[0.669s] Level 1:colcon.colcon_core.package_discovery:discover_packages(recursive) discover
[0.669s] INFO:colcon.colcon_core.package_discovery:Crawling recursively for packages in '/home/cat/xbb/20260702_MarsDogTree'
[0.669s] Level 1:colcon.colcon_core.package_identification:_identify(.) by extensions ['ignore', 'ignore_ament_install']
[0.669s] Level 1:colcon.colcon_core.package_identification:_identify(.) by extension 'ignore'
[0.669s] Level 1:colcon.colcon_core.package_identification:_identify(.) by extension 'ignore_ament_install'
[0.669s] Level 1:colcon.colcon_core.package_identification:_identify(.) by extensions ['colcon_pkg']
[0.669s] Level 1:colcon.colcon_core.package_identification:_identify(.) by extension 'colcon_pkg'
[0.670s] Level 1:colcon.colcon_core.package_identification:_identify(.) by extensions ['colcon_meta']
[0.670s] Level 1:colcon.colcon_core.package_identification:_identify(.) by extension 'colcon_meta'
[0.670s] Level 1:colcon.colcon_core.package_identification:_identify(.) by extensions ['ros']
[0.670s] Level 1:colcon.colcon_core.package_identification:_identify(.) by extension 'ros'
[0.704s] DEBUG:colcon.colcon_core.package_identification:Package '.' with type 'ros.ament_python' and name 'marsdog_behavior'
[0.705s] Level 1:colcon.colcon_core.package_discovery:discover_packages(recursive) using defaults
[0.705s] Level 1:colcon.colcon_core.package_discovery:discover_packages(ignore) discover
[0.705s] Level 1:colcon.colcon_core.package_discovery:discover_packages(ignore) using defaults
[0.705s] Level 1:colcon.colcon_core.package_discovery:discover_packages(path) discover
[0.705s] Level 1:colcon.colcon_core.package_discovery:discover_packages(path) using defaults
[0.752s] Level 1:colcon.colcon_core.package_discovery:discover_packages(prefix_path) check parameters
[0.752s] Level 1:colcon.colcon_core.package_discovery:discover_packages(prefix_path) discover
[0.759s] DEBUG:colcon.colcon_installed_package_information.package_discovery:Found 1 installed packages in /home/cat/Marsdog/install
[0.760s] DEBUG:colcon.colcon_installed_package_information.package_discovery:Found 3 installed packages in /home/cat/ros2_ws/install
[0.762s] DEBUG:colcon.colcon_installed_package_information.package_discovery:Found 267 installed packages in /opt/ros/humble
[0.764s] Level 1:colcon.colcon_core.package_discovery:discover_packages(prefix_path) using defaults
[0.853s] Level 5:colcon.colcon_core.verb:set package 'marsdog_behavior' build argument 'cmake_args' from command line to 'None'
[0.853s] Level 5:colcon.colcon_core.verb:set package 'marsdog_behavior' build argument 'cmake_target' from command line to 'None'
[0.853s] Level 5:colcon.colcon_core.verb:set package 'marsdog_behavior' build argument 'cmake_target_skip_unavailable' from command line to 'False'
[0.853s] Level 5:colcon.colcon_core.verb:set package 'marsdog_behavior' build argument 'cmake_clean_cache' from command line to 'False'
[0.853s] Level 5:colcon.colcon_core.verb:set package 'marsdog_behavior' build argument 'cmake_clean_first' from command line to 'False'
[0.853s] Level 5:colcon.colcon_core.verb:set package 'marsdog_behavior' build argument 'cmake_force_configure' from command line to 'False'
[0.853s] Level 5:colcon.colcon_core.verb:set package 'marsdog_behavior' build argument 'ament_cmake_args' from command line to 'None'
[0.853s] Level 5:colcon.colcon_core.verb:set package 'marsdog_behavior' build argument 'catkin_cmake_args' from command line to 'None'
[0.853s] Level 5:colcon.colcon_core.verb:set package 'marsdog_behavior' build argument 'catkin_skip_building_tests' from command line to 'False'
[0.853s] DEBUG:colcon.colcon_core.verb:Building package 'marsdog_behavior' with the following arguments: {'ament_cmake_args': None, 'build_base': '/home/cat/xbb/20260702_MarsDogTree/build/marsdog_behavior', 'catkin_cmake_args': None, 'catkin_skip_building_tests': False, 'cmake_args': None, 'cmake_clean_cache': False, 'cmake_clean_first': False, 'cmake_force_configure': False, 'cmake_target': None, 'cmake_target_skip_unavailable': False, 'install_base': '/home/cat/xbb/20260702_MarsDogTree/install/marsdog_behavior', 'merge_install': False, 'path': '/home/cat/xbb/20260702_MarsDogTree', 'symlink_install': True, 'test_result_base': None}
[0.853s] INFO:colcon.colcon_core.executor:Executing jobs using 'parallel' executor
[0.855s] DEBUG:colcon.colcon_parallel_executor.executor.parallel:run_until_complete
[0.856s] INFO:colcon.colcon_ros.task.ament_python.build:Building ROS package in '/home/cat/xbb/20260702_MarsDogTree' with build type 'ament_python'
[0.856s] Level 1:colcon.colcon_core.shell:create_environment_hook('marsdog_behavior', 'ament_prefix_path')
[0.864s] INFO:colcon.colcon_core.plugin_system:Skipping extension 'colcon_core.shell.bat': Not used on non-Windows systems
[0.865s] INFO:colcon.colcon_core.shell:Creating environment hook '/home/cat/xbb/20260702_MarsDogTree/install/marsdog_behavior/share/marsdog_behavior/hook/ament_prefix_path.ps1'
[0.867s] INFO:colcon.colcon_core.shell:Creating environment descriptor '/home/cat/xbb/20260702_MarsDogTree/install/marsdog_behavior/share/marsdog_behavior/hook/ament_prefix_path.dsv'
[0.870s] INFO:colcon.colcon_core.shell:Creating environment hook '/home/cat/xbb/20260702_MarsDogTree/install/marsdog_behavior/share/marsdog_behavior/hook/ament_prefix_path.sh'
[0.874s] INFO:colcon.colcon_core.shell:Skip shell extension 'powershell' for command environment: Not usable outside of PowerShell
[0.874s] DEBUG:colcon.colcon_core.shell:Skip shell extension 'dsv' for command environment
[1.245s] INFO:colcon.colcon_core.task.python.build:Building Python package in '/home/cat/xbb/20260702_MarsDogTree'
[1.245s] INFO:colcon.colcon_core.shell:Skip shell extension 'powershell' for command environment: Not usable outside of PowerShell
[1.245s] DEBUG:colcon.colcon_core.shell:Skip shell extension 'dsv' for command environment
[1.822s] DEBUG:colcon.colcon_core.task.python.build:Available setuptools commands: install, build_scripts, bdist_egg, symlink_data, clean, saveopts, develop, dist_info, alias, build_py, build, upload_docs, bdist_dumb, rotate, install_scripts, sdist, egg_info, build_clib, install_lib, install_egg_info, bdist_wheel, easy_install, install_data, build_ext, setopt, install_headers, bdist_rpm, test, register, check, bdist, upload
[2.202s] DEBUG:colcon.colcon_core.task.python.build:Available setuptools 'develop' options: --always-copy, --user, --optimize, --record, --exclude-scripts, --index-url, --egg-path, --install-layout, --editable, --no-user-cfg, --build-directory, --prefix, --upgrade, --no-deps, --find-links, --force-installation-into-system-dir, --site-dirs, --uninstall, --allow-hosts, --quiet, --local-snapshots-ok, --multi-version, --help, --zip-ok, --version, --verbose, --install-dir, --no-find-links, --always-unzip, --dry-run, --script-dir
[2.207s] DEBUG:colcon.colcon_core.event_handler.log_command:Invoking command in '/home/cat/xbb/20260702_MarsDogTree/build/marsdog_behavior': PYTHONPATH=/home/cat/xbb/20260702_MarsDogTree/build/marsdog_behavior/prefix_override:/usr/lib/python3/dist-packages/colcon_core/task/python/colcon_distutils_commands:/home/cat/xbb/20260702_MarsDogTree/install/marsdog_behavior/lib/python3.10/site-packages:${PYTHONPATH} /usr/bin/python3 -W ignore:setup.py install is deprecated -W ignore:easy_install command is deprecated setup.py develop --editable --build-directory /home/cat/xbb/20260702_MarsDogTree/build/marsdog_behavior/build --no-deps symlink_data
[2.814s] Level 1:colcon.colcon_core.shell:create_environment_hook('marsdog_behavior', 'pythonpath_develop')
[2.815s] INFO:colcon.colcon_core.shell:Creating environment hook '/home/cat/xbb/20260702_MarsDogTree/build/marsdog_behavior/share/marsdog_behavior/hook/pythonpath_develop.ps1'
[2.816s] DEBUG:colcon.colcon_core.event_handler.log_command:Invoked command in '/home/cat/xbb/20260702_MarsDogTree/build/marsdog_behavior' returned '0': PYTHONPATH=/home/cat/xbb/20260702_MarsDogTree/build/marsdog_behavior/prefix_override:/usr/lib/python3/dist-packages/colcon_core/task/python/colcon_distutils_commands:/home/cat/xbb/20260702_MarsDogTree/install/marsdog_behavior/lib/python3.10/site-packages:${PYTHONPATH} /usr/bin/python3 -W ignore:setup.py install is deprecated -W ignore:easy_install command is deprecated setup.py develop --editable --build-directory /home/cat/xbb/20260702_MarsDogTree/build/marsdog_behavior/build --no-deps symlink_data
[2.820s] INFO:colcon.colcon_core.shell:Creating environment descriptor '/home/cat/xbb/20260702_MarsDogTree/build/marsdog_behavior/share/marsdog_behavior/hook/pythonpath_develop.dsv'
[2.821s] INFO:colcon.colcon_core.shell:Creating environment hook '/home/cat/xbb/20260702_MarsDogTree/build/marsdog_behavior/share/marsdog_behavior/hook/pythonpath_develop.sh'
[2.840s] Level 1:colcon.colcon_core.environment:checking '/home/cat/xbb/20260702_MarsDogTree/install/marsdog_behavior' for CMake module files
[2.842s] Level 1:colcon.colcon_core.environment:checking '/home/cat/xbb/20260702_MarsDogTree/install/marsdog_behavior' for CMake config files
[2.846s] Level 1:colcon.colcon_core.environment:checking '/home/cat/xbb/20260702_MarsDogTree/install/marsdog_behavior/lib'
[2.846s] Level 1:colcon.colcon_core.environment:checking '/home/cat/xbb/20260702_MarsDogTree/install/marsdog_behavior/bin'
[2.847s] Level 1:colcon.colcon_core.environment:checking '/home/cat/xbb/20260702_MarsDogTree/install/marsdog_behavior/lib/pkgconfig/marsdog_behavior.pc'
[2.848s] Level 1:colcon.colcon_core.environment:checking '/home/cat/xbb/20260702_MarsDogTree/install/marsdog_behavior/lib/python3.10/site-packages'
[2.848s] Level 1:colcon.colcon_core.shell:create_environment_hook('marsdog_behavior', 'pythonpath')
[2.849s] INFO:colcon.colcon_core.shell:Creating environment hook '/home/cat/xbb/20260702_MarsDogTree/install/marsdog_behavior/share/marsdog_behavior/hook/pythonpath.ps1'
[2.851s] INFO:colcon.colcon_core.shell:Creating environment descriptor '/home/cat/xbb/20260702_MarsDogTree/install/marsdog_behavior/share/marsdog_behavior/hook/pythonpath.dsv'
[2.853s] INFO:colcon.colcon_core.shell:Creating environment hook '/home/cat/xbb/20260702_MarsDogTree/install/marsdog_behavior/share/marsdog_behavior/hook/pythonpath.sh'
[2.856s] Level 1:colcon.colcon_core.environment:checking '/home/cat/xbb/20260702_MarsDogTree/install/marsdog_behavior/bin'
[2.856s] Level 1:colcon.colcon_core.environment:create_environment_scripts_only(marsdog_behavior)
[2.858s] INFO:colcon.colcon_core.shell:Creating package script '/home/cat/xbb/20260702_MarsDogTree/install/marsdog_behavior/share/marsdog_behavior/package.ps1'
[2.865s] INFO:colcon.colcon_core.shell:Creating package descriptor '/home/cat/xbb/20260702_MarsDogTree/install/marsdog_behavior/share/marsdog_behavior/package.dsv'
[2.869s] INFO:colcon.colcon_core.shell:Creating package script '/home/cat/xbb/20260702_MarsDogTree/install/marsdog_behavior/share/marsdog_behavior/package.sh'
[2.874s] INFO:colcon.colcon_core.shell:Creating package script '/home/cat/xbb/20260702_MarsDogTree/install/marsdog_behavior/share/marsdog_behavior/package.bash'
[2.879s] INFO:colcon.colcon_core.shell:Creating package script '/home/cat/xbb/20260702_MarsDogTree/install/marsdog_behavior/share/marsdog_behavior/package.zsh'
[2.884s] Level 1:colcon.colcon_core.environment:create_file_with_runtime_dependencies(/home/cat/xbb/20260702_MarsDogTree/install/marsdog_behavior/share/colcon-core/packages/marsdog_behavior)
[2.885s] DEBUG:colcon.colcon_parallel_executor.executor.parallel:closing loop
[2.886s] DEBUG:colcon.colcon_parallel_executor.executor.parallel:loop closed
[2.886s] DEBUG:colcon.colcon_parallel_executor.executor.parallel:run_until_complete finished with '0'
[2.886s] DEBUG:colcon.colcon_core.event_reactor:joining thread
[2.887s] DEBUG:colcon.colcon_core.event_reactor:joined thread
[2.888s] INFO:colcon.colcon_core.shell:Creating prefix script '/home/cat/xbb/20260702_MarsDogTree/install/local_setup.ps1'
[2.894s] INFO:colcon.colcon_core.shell:Creating prefix util module '/home/cat/xbb/20260702_MarsDogTree/install/_local_setup_util_ps1.py'
[2.902s] INFO:colcon.colcon_core.shell:Creating prefix chain script '/home/cat/xbb/20260702_MarsDogTree/install/setup.ps1'
[2.906s] INFO:colcon.colcon_core.shell:Creating prefix script '/home/cat/xbb/20260702_MarsDogTree/install/local_setup.sh'
[2.908s] INFO:colcon.colcon_core.shell:Creating prefix util module '/home/cat/xbb/20260702_MarsDogTree/install/_local_setup_util_sh.py'
[2.909s] INFO:colcon.colcon_core.shell:Creating prefix chain script '/home/cat/xbb/20260702_MarsDogTree/install/setup.sh'
[2.912s] INFO:colcon.colcon_core.shell:Creating prefix script '/home/cat/xbb/20260702_MarsDogTree/install/local_setup.bash'
[2.914s] INFO:colcon.colcon_core.shell:Creating prefix chain script '/home/cat/xbb/20260702_MarsDogTree/install/setup.bash'
[2.916s] INFO:colcon.colcon_core.shell:Creating prefix script '/home/cat/xbb/20260702_MarsDogTree/install/local_setup.zsh'
[2.918s] INFO:colcon.colcon_core.shell:Creating prefix chain script '/home/cat/xbb/20260702_MarsDogTree/install/setup.zsh'
