[0.027s] Invoking command in '/home/cat/xbb/20260707_MarsDogAction/build/marsdog_action_executor': CMAKE_PREFIX_PATH=/opt/ros/humble /usr/bin/cmake /home/cat/xbb/20260707_MarsDogAction -DAMENT_CMAKE_SYMLINK_INSTALL=1 -DCMAKE_INSTALL_PREFIX=/home/cat/xbb/20260707_MarsDogAction/install/marsdog_action_executor
[0.719s] -- The C compiler identification is GNU 11.4.0
[1.069s] -- The CXX compiler identification is GNU 11.4.0
[1.103s] -- Detecting C compiler ABI info
[1.338s] -- Detecting C compiler ABI info - done
[1.352s] -- Check for working C compiler: /usr/bin/cc - skipped
[1.354s] -- Detecting C compile features
[1.355s] -- Detecting C compile features - done
[1.362s] -- Detecting CXX compiler ABI info
[1.586s] -- Detecting CXX compiler ABI info - done
[1.599s] -- Check for working CXX compiler: /usr/bin/c++ - skipped
[1.600s] -- Detecting CXX compile features
[1.600s] -- Detecting CXX compile features - done
[1.638s] -- Found ament_cmake: 1.3.14 (/opt/ros/humble/share/ament_cmake/cmake)
[1.963s] -- Found Python3: /home/cat/xbb/20260707_MarsDogAction/.venv/bin/python3 (found version "3.10.12") found components: Interpreter 
[2.152s] -- Override CMake install command with custom implementation using symlinks instead of copying resources
[2.294s] -- Found rclpy: 3.3.21 (/opt/ros/humble/share/rclpy/cmake)
[2.298s] -- Found std_msgs: 4.9.1 (/opt/ros/humble/share/std_msgs/cmake)
[2.423s] -- Found rosidl_generator_c: 3.1.8 (/opt/ros/humble/share/rosidl_generator_c/cmake)
[2.438s] -- Found rosidl_adapter: 3.1.8 (/opt/ros/humble/share/rosidl_adapter/cmake)
[2.463s] -- Found rosidl_generator_cpp: 3.1.8 (/opt/ros/humble/share/rosidl_generator_cpp/cmake)
[2.501s] -- Using all available rosidl_typesupport_c: rosidl_typesupport_fastrtps_c;rosidl_typesupport_introspection_c
[2.546s] -- Using all available rosidl_typesupport_cpp: rosidl_typesupport_fastrtps_cpp;rosidl_typesupport_introspection_cpp
[2.631s] -- Found action_msgs: 1.2.2 (/opt/ros/humble/share/action_msgs/cmake)
[2.700s] -- Found rosidl_default_generators: 1.2.1 (/opt/ros/humble/share/rosidl_default_generators/cmake)
[3.024s] Traceback (most recent call last):
[3.025s]   File "/opt/ros/humble/share/ament_cmake_core/cmake/core/package_xml_2_cmake.py", line 22, in <module>
[3.026s]     from catkin_pkg.package import parse_package_string
[3.026s] ModuleNotFoundError: No module named 'catkin_pkg'
[3.032s] [31mCMake Error at /opt/ros/humble/share/ament_cmake_core/cmake/core/ament_package_xml.cmake:95 (message):
[3.032s]   execute_process(/home/cat/xbb/20260707_MarsDogAction/.venv/bin/python3
[3.032s]   /opt/ros/humble/share/ament_cmake_core/cmake/core/package_xml_2_cmake.py
[3.032s]   /home/cat/xbb/20260707_MarsDogAction/package.xml
[3.032s]   /home/cat/xbb/20260707_MarsDogAction/build/marsdog_action_executor/ament_cmake_core/package.cmake)
[3.032s]   returned error code 1
[3.032s] Call Stack (most recent call first):
[3.032s]   /opt/ros/humble/share/ament_cmake_core/cmake/core/ament_package_xml.cmake:49 (_ament_package_xml)
[3.032s]   /opt/ros/humble/share/rosidl_cmake/cmake/rosidl_generate_interfaces.cmake:226 (ament_package_xml)
[3.032s]   CMakeLists.txt:17 (rosidl_generate_interfaces)
[3.032s] 
[3.033s] [0m
[3.033s] -- Configuring incomplete, errors occurred!
[3.033s] See also "/home/cat/xbb/20260707_MarsDogAction/build/marsdog_action_executor/CMakeFiles/CMakeOutput.log".
[3.071s] Invoked command in '/home/cat/xbb/20260707_MarsDogAction/build/marsdog_action_executor' returned '1': CMAKE_PREFIX_PATH=/opt/ros/humble /usr/bin/cmake /home/cat/xbb/20260707_MarsDogAction -DAMENT_CMAKE_SYMLINK_INSTALL=1 -DCMAKE_INSTALL_PREFIX=/home/cat/xbb/20260707_MarsDogAction/install/marsdog_action_executor
