[0.149s] DEBUG:colcon:Command line arguments: ['/usr/bin/colcon', 'build', '--symlink-install']
[0.149s] DEBUG:colcon:Parsed command line arguments: Namespace(log_base=None, log_level=None, verb_name='build', build_base='build', install_base='install', merge_install=False, symlink_install=True, test_result_base=None, continue_on_error=False, executor='parallel', parallel_workers=8, event_handlers=None, ignore_user_meta=False, metas=['./colcon.meta'], base_paths=['.'], packages_ignore=None, packages_ignore_regex=None, paths=None, packages_up_to=None, packages_up_to_regex=None, packages_above=None, packages_above_and_dependencies=None, packages_above_depth=None, packages_select_by_dep=None, packages_skip_by_dep=None, packages_skip_up_to=None, packages_select_build_failed=False, packages_skip_build_finished=False, packages_select_test_failures=False, packages_skip_test_passed=False, packages_select=None, packages_skip=None, packages_select_regex=None, packages_skip_regex=None, packages_start=None, packages_end=None, allow_overriding=[], cmake_args=None, cmake_target=None, cmake_target_skip_unavailable=False, cmake_clean_cache=False, cmake_clean_first=False, cmake_force_configure=False, ament_cmake_args=None, catkin_cmake_args=None, catkin_skip_building_tests=False, verb_parser=<colcon_defaults.argument_parser.defaults.DefaultArgumentsDecorator object at 0xffffa62ff580>, verb_extension=<colcon_core.verb.build.BuildVerb object at 0xffffa62fe6e0>, main=<bound method BuildVerb.main of <colcon_core.verb.build.BuildVerb object at 0xffffa62fe6e0>>)
[0.389s] Level 1:colcon.colcon_core.package_discovery:discover_packages(colcon_meta) check parameters
[0.389s] Level 1:colcon.colcon_core.package_discovery:discover_packages(recursive) check parameters
[0.389s] Level 1:colcon.colcon_core.package_discovery:discover_packages(ignore) check parameters
[0.390s] Level 1:colcon.colcon_core.package_discovery:discover_packages(path) check parameters
[0.390s] Level 1:colcon.colcon_core.package_discovery:discover_packages(colcon_meta) discover
[0.390s] Level 1:colcon.colcon_core.package_discovery:discover_packages(recursive) discover
[0.390s] INFO:colcon.colcon_core.package_discovery:Crawling recursively for packages in '/home/cat/xbb/20260702_MarsDogTree'
[0.390s] Level 1:colcon.colcon_core.package_identification:_identify(.) by extensions ['ignore', 'ignore_ament_install']
[0.390s] Level 1:colcon.colcon_core.package_identification:_identify(.) by extension 'ignore'
[0.390s] Level 1:colcon.colcon_core.package_identification:_identify(.) by extension 'ignore_ament_install'
[0.391s] Level 1:colcon.colcon_core.package_identification:_identify(.) by extensions ['colcon_pkg']
[0.391s] Level 1:colcon.colcon_core.package_identification:_identify(.) by extension 'colcon_pkg'
[0.391s] Level 1:colcon.colcon_core.package_identification:_identify(.) by extensions ['colcon_meta']
[0.391s] Level 1:colcon.colcon_core.package_identification:_identify(.) by extension 'colcon_meta'
[0.391s] Level 1:colcon.colcon_core.package_identification:_identify(.) by extensions ['ros']
[0.391s] Level 1:colcon.colcon_core.package_identification:_identify(.) by extension 'ros'
[0.413s] DEBUG:colcon.colcon_core.package_identification:Package '.' with type 'ros.ament_python' and name 'marsdog_behavior'
[0.413s] Level 1:colcon.colcon_core.package_discovery:discover_packages(recursive) using defaults
[0.413s] Level 1:colcon.colcon_core.package_discovery:discover_packages(ignore) discover
[0.413s] Level 1:colcon.colcon_core.package_discovery:discover_packages(ignore) using defaults
[0.413s] Level 1:colcon.colcon_core.package_discovery:discover_packages(path) discover
[0.413s] Level 1:colcon.colcon_core.package_discovery:discover_packages(path) using defaults
[0.442s] Level 1:colcon.colcon_core.package_discovery:discover_packages(prefix_path) check parameters
[0.443s] Level 1:colcon.colcon_core.package_discovery:discover_packages(prefix_path) discover
[0.445s] DEBUG:colcon.colcon_installed_package_information.package_discovery:Found 1 installed packages in /home/cat/Marsdog/install
[0.446s] DEBUG:colcon.colcon_installed_package_information.package_discovery:Found 3 installed packages in /home/cat/ros2_ws/install
[0.448s] DEBUG:colcon.colcon_installed_package_information.package_discovery:Found 267 installed packages in /opt/ros/humble
[0.450s] Level 1:colcon.colcon_core.package_discovery:discover_packages(prefix_path) using defaults
[0.543s] Level 5:colcon.colcon_core.verb:set package 'marsdog_behavior' build argument 'cmake_args' from command line to 'None'
[0.543s] Level 5:colcon.colcon_core.verb:set package 'marsdog_behavior' build argument 'cmake_target' from command line to 'None'
[0.543s] Level 5:colcon.colcon_core.verb:set package 'marsdog_behavior' build argument 'cmake_target_skip_unavailable' from command line to 'False'
[0.543s] Level 5:colcon.colcon_core.verb:set package 'marsdog_behavior' build argument 'cmake_clean_cache' from command line to 'False'
[0.543s] Level 5:colcon.colcon_core.verb:set package 'marsdog_behavior' build argument 'cmake_clean_first' from command line to 'False'
[0.543s] Level 5:colcon.colcon_core.verb:set package 'marsdog_behavior' build argument 'cmake_force_configure' from command line to 'False'
[0.543s] Level 5:colcon.colcon_core.verb:set package 'marsdog_behavior' build argument 'ament_cmake_args' from command line to 'None'
[0.543s] Level 5:colcon.colcon_core.verb:set package 'marsdog_behavior' build argument 'catkin_cmake_args' from command line to 'None'
[0.543s] Level 5:colcon.colcon_core.verb:set package 'marsdog_behavior' build argument 'catkin_skip_building_tests' from command line to 'False'
[0.544s] DEBUG:colcon.colcon_core.verb:Building package 'marsdog_behavior' with the following arguments: {'ament_cmake_args': None, 'build_base': '/home/cat/xbb/20260702_MarsDogTree/build/marsdog_behavior', 'catkin_cmake_args': None, 'catkin_skip_building_tests': False, 'cmake_args': None, 'cmake_clean_cache': False, 'cmake_clean_first': False, 'cmake_force_configure': False, 'cmake_target': None, 'cmake_target_skip_unavailable': False, 'install_base': '/home/cat/xbb/20260702_MarsDogTree/install/marsdog_behavior', 'merge_install': False, 'path': '/home/cat/xbb/20260702_MarsDogTree', 'symlink_install': True, 'test_result_base': None}
[0.544s] INFO:colcon.colcon_core.executor:Executing jobs using 'parallel' executor
[0.546s] DEBUG:colcon.colcon_parallel_executor.executor.parallel:run_until_complete
[0.547s] INFO:colcon.colcon_ros.task.ament_python.build:Building ROS package in '/home/cat/xbb/20260702_MarsDogTree' with build type 'ament_python'
[0.547s] Level 1:colcon.colcon_core.shell:create_environment_hook('marsdog_behavior', 'ament_prefix_path')
[0.551s] INFO:colcon.colcon_core.plugin_system:Skipping extension 'colcon_core.shell.bat': Not used on non-Windows systems
[0.552s] INFO:colcon.colcon_core.shell:Creating environment hook '/home/cat/xbb/20260702_MarsDogTree/install/marsdog_behavior/share/marsdog_behavior/hook/ament_prefix_path.ps1'
[0.553s] INFO:colcon.colcon_core.shell:Creating environment descriptor '/home/cat/xbb/20260702_MarsDogTree/install/marsdog_behavior/share/marsdog_behavior/hook/ament_prefix_path.dsv'
[0.554s] INFO:colcon.colcon_core.shell:Creating environment hook '/home/cat/xbb/20260702_MarsDogTree/install/marsdog_behavior/share/marsdog_behavior/hook/ament_prefix_path.sh'
[0.556s] INFO:colcon.colcon_core.shell:Skip shell extension 'powershell' for command environment: Not usable outside of PowerShell
[0.556s] DEBUG:colcon.colcon_core.shell:Skip shell extension 'dsv' for command environment
[0.933s] INFO:colcon.colcon_core.task.python.build:Building Python package in '/home/cat/xbb/20260702_MarsDogTree'
[0.933s] INFO:colcon.colcon_core.shell:Skip shell extension 'powershell' for command environment: Not usable outside of PowerShell
[0.933s] DEBUG:colcon.colcon_core.shell:Skip shell extension 'dsv' for command environment
[1.432s] DEBUG:colcon.colcon_core.task.python.build:Available setuptools commands: symlink_data, dist_info, egg_info, clean, upload_docs, build_scripts, alias, install_lib, build_py, install_headers, bdist, install_egg_info, upload, develop, bdist_egg, bdist_dumb, check, build, build_clib, sdist, rotate, bdist_rpm, register, build_ext, test, install, saveopts, install_data, install_scripts, setopt, easy_install, bdist_wheel
[1.827s] DEBUG:colcon.colcon_core.task.python.build:Available setuptools 'develop' options: --verbose, --install-layout, --version, --dry-run, --install-dir, --editable, --record, --exclude-scripts, --index-url, --build-directory, --allow-hosts, --no-deps, --always-copy, --site-dirs, --find-links, --quiet, --upgrade, --script-dir, --help, --no-find-links, --egg-path, --user, --uninstall, --no-user-cfg, --zip-ok, --optimize, --local-snapshots-ok, --force-installation-into-system-dir, --prefix, --multi-version, --always-unzip
[1.830s] DEBUG:colcon.colcon_core.event_handler.log_command:Invoking command in '/home/cat/xbb/20260702_MarsDogTree/build/marsdog_behavior': PYTHONPATH=/home/cat/xbb/20260702_MarsDogTree/build/marsdog_behavior/prefix_override:/usr/lib/python3/dist-packages/colcon_core/task/python/colcon_distutils_commands:/home/cat/xbb/20260702_MarsDogTree/install/marsdog_behavior/lib/python3.10/site-packages:${PYTHONPATH} /usr/bin/python3 -W ignore:setup.py install is deprecated -W ignore:easy_install command is deprecated setup.py develop --editable --build-directory /home/cat/xbb/20260702_MarsDogTree/build/marsdog_behavior/build --no-deps symlink_data
[2.433s] Level 1:colcon.colcon_core.shell:create_environment_hook('marsdog_behavior', 'pythonpath_develop')
[2.435s] INFO:colcon.colcon_core.shell:Creating environment hook '/home/cat/xbb/20260702_MarsDogTree/build/marsdog_behavior/share/marsdog_behavior/hook/pythonpath_develop.ps1'
[2.435s] DEBUG:colcon.colcon_core.event_handler.log_command:Invoked command in '/home/cat/xbb/20260702_MarsDogTree/build/marsdog_behavior' returned '0': PYTHONPATH=/home/cat/xbb/20260702_MarsDogTree/build/marsdog_behavior/prefix_override:/usr/lib/python3/dist-packages/colcon_core/task/python/colcon_distutils_commands:/home/cat/xbb/20260702_MarsDogTree/install/marsdog_behavior/lib/python3.10/site-packages:${PYTHONPATH} /usr/bin/python3 -W ignore:setup.py install is deprecated -W ignore:easy_install command is deprecated setup.py develop --editable --build-directory /home/cat/xbb/20260702_MarsDogTree/build/marsdog_behavior/build --no-deps symlink_data
[2.436s] INFO:colcon.colcon_core.shell:Creating environment descriptor '/home/cat/xbb/20260702_MarsDogTree/build/marsdog_behavior/share/marsdog_behavior/hook/pythonpath_develop.dsv'
[2.437s] INFO:colcon.colcon_core.shell:Creating environment hook '/home/cat/xbb/20260702_MarsDogTree/build/marsdog_behavior/share/marsdog_behavior/hook/pythonpath_develop.sh'
[2.440s] Level 1:colcon.colcon_core.environment:checking '/home/cat/xbb/20260702_MarsDogTree/install/marsdog_behavior' for CMake module files
[2.441s] Level 1:colcon.colcon_core.environment:checking '/home/cat/xbb/20260702_MarsDogTree/install/marsdog_behavior' for CMake config files
[2.442s] Level 1:colcon.colcon_core.environment:checking '/home/cat/xbb/20260702_MarsDogTree/install/marsdog_behavior/lib'
[2.442s] Level 1:colcon.colcon_core.environment:checking '/home/cat/xbb/20260702_MarsDogTree/install/marsdog_behavior/bin'
[2.442s] Level 1:colcon.colcon_core.environment:checking '/home/cat/xbb/20260702_MarsDogTree/install/marsdog_behavior/lib/pkgconfig/marsdog_behavior.pc'
[2.443s] Level 1:colcon.colcon_core.environment:checking '/home/cat/xbb/20260702_MarsDogTree/install/marsdog_behavior/lib/python3.10/site-packages'
[2.443s] Level 1:colcon.colcon_core.shell:create_environment_hook('marsdog_behavior', 'pythonpath')
[2.443s] INFO:colcon.colcon_core.shell:Creating environment hook '/home/cat/xbb/20260702_MarsDogTree/install/marsdog_behavior/share/marsdog_behavior/hook/pythonpath.ps1'
[2.444s] INFO:colcon.colcon_core.shell:Creating environment descriptor '/home/cat/xbb/20260702_MarsDogTree/install/marsdog_behavior/share/marsdog_behavior/hook/pythonpath.dsv'
[2.444s] INFO:colcon.colcon_core.shell:Creating environment hook '/home/cat/xbb/20260702_MarsDogTree/install/marsdog_behavior/share/marsdog_behavior/hook/pythonpath.sh'
[2.445s] Level 1:colcon.colcon_core.environment:checking '/home/cat/xbb/20260702_MarsDogTree/install/marsdog_behavior/bin'
[2.445s] Level 1:colcon.colcon_core.environment:create_environment_scripts_only(marsdog_behavior)
[2.446s] INFO:colcon.colcon_core.shell:Creating package script '/home/cat/xbb/20260702_MarsDogTree/install/marsdog_behavior/share/marsdog_behavior/package.ps1'
[2.447s] INFO:colcon.colcon_core.shell:Creating package descriptor '/home/cat/xbb/20260702_MarsDogTree/install/marsdog_behavior/share/marsdog_behavior/package.dsv'
[2.448s] INFO:colcon.colcon_core.shell:Creating package script '/home/cat/xbb/20260702_MarsDogTree/install/marsdog_behavior/share/marsdog_behavior/package.sh'
[2.450s] INFO:colcon.colcon_core.shell:Creating package script '/home/cat/xbb/20260702_MarsDogTree/install/marsdog_behavior/share/marsdog_behavior/package.bash'
[2.451s] INFO:colcon.colcon_core.shell:Creating package script '/home/cat/xbb/20260702_MarsDogTree/install/marsdog_behavior/share/marsdog_behavior/package.zsh'
[2.451s] Level 1:colcon.colcon_core.environment:create_file_with_runtime_dependencies(/home/cat/xbb/20260702_MarsDogTree/install/marsdog_behavior/share/colcon-core/packages/marsdog_behavior)
[2.452s] DEBUG:colcon.colcon_parallel_executor.executor.parallel:closing loop
[2.452s] DEBUG:colcon.colcon_parallel_executor.executor.parallel:loop closed
[2.452s] DEBUG:colcon.colcon_parallel_executor.executor.parallel:run_until_complete finished with '0'
[2.452s] DEBUG:colcon.colcon_core.event_reactor:joining thread
[2.453s] DEBUG:colcon.colcon_core.event_reactor:joined thread
[2.453s] INFO:colcon.colcon_core.shell:Creating prefix script '/home/cat/xbb/20260702_MarsDogTree/install/local_setup.ps1'
[2.454s] INFO:colcon.colcon_core.shell:Creating prefix util module '/home/cat/xbb/20260702_MarsDogTree/install/_local_setup_util_ps1.py'
[2.456s] INFO:colcon.colcon_core.shell:Creating prefix chain script '/home/cat/xbb/20260702_MarsDogTree/install/setup.ps1'
[2.458s] INFO:colcon.colcon_core.shell:Creating prefix script '/home/cat/xbb/20260702_MarsDogTree/install/local_setup.sh'
[2.458s] INFO:colcon.colcon_core.shell:Creating prefix util module '/home/cat/xbb/20260702_MarsDogTree/install/_local_setup_util_sh.py'
[2.459s] INFO:colcon.colcon_core.shell:Creating prefix chain script '/home/cat/xbb/20260702_MarsDogTree/install/setup.sh'
[2.461s] INFO:colcon.colcon_core.shell:Creating prefix script '/home/cat/xbb/20260702_MarsDogTree/install/local_setup.bash'
[2.461s] INFO:colcon.colcon_core.shell:Creating prefix chain script '/home/cat/xbb/20260702_MarsDogTree/install/setup.bash'
[2.463s] INFO:colcon.colcon_core.shell:Creating prefix script '/home/cat/xbb/20260702_MarsDogTree/install/local_setup.zsh'
[2.463s] INFO:colcon.colcon_core.shell:Creating prefix chain script '/home/cat/xbb/20260702_MarsDogTree/install/setup.zsh'
