running develop
running egg_info
creating marsdog_behavior.egg-info
writing marsdog_behavior.egg-info/PKG-INFO
writing dependency_links to marsdog_behavior.egg-info/dependency_links.txt
writing entry points to marsdog_behavior.egg-info/entry_points.txt
writing top-level names to marsdog_behavior.egg-info/top_level.txt
writing manifest file 'marsdog_behavior.egg-info/SOURCES.txt'
reading manifest file 'marsdog_behavior.egg-info/SOURCES.txt'
writing manifest file 'marsdog_behavior.egg-info/SOURCES.txt'
running build_ext
Creating /home/cat/xbb/20260702_MarsDogTree/install/marsdog_behavior/lib/python3.10/site-packages/marsdog-behavior.egg-link (link to .)
Installing behavior_tree_node script to /home/cat/xbb/20260702_MarsDogTree/install/marsdog_behavior/lib/marsdog_behavior

Installed /home/cat/xbb/20260702_MarsDogTree/build/marsdog_behavior
running symlink_data
symbolically linking /home/cat/xbb/20260702_MarsDogTree/build/marsdog_behavior/package.xml -> /home/cat/xbb/20260702_MarsDogTree/install/marsdog_behavior/share/marsdog_behavior
creating /home/cat/xbb/20260702_MarsDogTree/install/marsdog_behavior/share/marsdog_behavior/launch
symbolically linking /home/cat/xbb/20260702_MarsDogTree/build/marsdog_behavior/launch/behavior_tree.launch.py -> /home/cat/xbb/20260702_MarsDogTree/install/marsdog_behavior/share/marsdog_behavior/launch
creating /home/cat/xbb/20260702_MarsDogTree/install/marsdog_behavior/share/marsdog_behavior/config
symbolically linking /home/cat/xbb/20260702_MarsDogTree/build/marsdog_behavior/config/behaviors.yaml -> /home/cat/xbb/20260702_MarsDogTree/install/marsdog_behavior/share/marsdog_behavior/config
symbolically linking /home/cat/xbb/20260702_MarsDogTree/build/marsdog_behavior/config/behavior_categories.yaml -> /home/cat/xbb/20260702_MarsDogTree/install/marsdog_behavior/share/marsdog_behavior/config
symbolically linking /home/cat/xbb/20260702_MarsDogTree/build/marsdog_behavior/config/event_intent_map.yaml -> /home/cat/xbb/20260702_MarsDogTree/install/marsdog_behavior/share/marsdog_behavior/config
symbolically linking /home/cat/xbb/20260702_MarsDogTree/build/marsdog_behavior/config/intent_action_pool.yaml -> /home/cat/xbb/20260702_MarsDogTree/install/marsdog_behavior/share/marsdog_behavior/config
symbolically linking /home/cat/xbb/20260702_MarsDogTree/build/marsdog_behavior/config/emotion_behavior_map.yaml -> /home/cat/xbb/20260702_MarsDogTree/install/marsdog_behavior/share/marsdog_behavior/config
symbolically linking /home/cat/xbb/20260702_MarsDogTree/build/marsdog_behavior/config/legacy_behavior_aliases.yaml -> /home/cat/xbb/20260702_MarsDogTree/install/marsdog_behavior/share/marsdog_behavior/config
creating /home/cat/xbb/20260702_MarsDogTree/install/marsdog_behavior/share/ament_index
creating /home/cat/xbb/20260702_MarsDogTree/install/marsdog_behavior/share/ament_index/resource_index
creating /home/cat/xbb/20260702_MarsDogTree/install/marsdog_behavior/share/ament_index/resource_index/packages
symbolically linking /home/cat/xbb/20260702_MarsDogTree/build/marsdog_behavior/resource/marsdog_behavior -> /home/cat/xbb/20260702_MarsDogTree/install/marsdog_behavior/share/ament_index/resource_index/packages
