[1.997s] Invoking command in '/home/cat/xbb/20260702_MarsDogTree/build/marsdog_behavior': PYTHONPATH=/home/cat/xbb/20260702_MarsDogTree/build/marsdog_behavior/prefix_override:/usr/lib/python3/dist-packages/colcon_core/task/python/colcon_distutils_commands:/home/cat/xbb/20260702_MarsDogTree/install/marsdog_behavior/lib/python3.10/site-packages:${PYTHONPATH} /usr/bin/python3 -W ignore:setup.py install is deprecated -W ignore:easy_install command is deprecated setup.py develop --editable --build-directory /home/cat/xbb/20260702_MarsDogTree/build/marsdog_behavior/build --no-deps symlink_data
[2.592s] running develop
[2.901s] running egg_info
[2.903s] creating marsdog_behavior.egg-info
[2.904s] writing marsdog_behavior.egg-info/PKG-INFO
[2.905s] writing dependency_links to marsdog_behavior.egg-info/dependency_links.txt
[2.905s] writing entry points to marsdog_behavior.egg-info/entry_points.txt
[2.906s] writing top-level names to marsdog_behavior.egg-info/top_level.txt
[2.907s] writing manifest file 'marsdog_behavior.egg-info/SOURCES.txt'
[2.909s] reading manifest file 'marsdog_behavior.egg-info/SOURCES.txt'
[2.925s] writing manifest file 'marsdog_behavior.egg-info/SOURCES.txt'
[2.926s] running build_ext
[2.929s] Creating /home/cat/xbb/20260702_MarsDogTree/install/marsdog_behavior/lib/python3.10/site-packages/marsdog-behavior.egg-link (link to .)
[2.930s] Installing behavior_tree_node script to /home/cat/xbb/20260702_MarsDogTree/install/marsdog_behavior/lib/marsdog_behavior
[2.931s] 
[2.932s] Installed /home/cat/xbb/20260702_MarsDogTree/build/marsdog_behavior
[2.933s] running symlink_data
[2.950s] symbolically linking /home/cat/xbb/20260702_MarsDogTree/build/marsdog_behavior/package.xml -> /home/cat/xbb/20260702_MarsDogTree/install/marsdog_behavior/share/marsdog_behavior
[2.951s] creating /home/cat/xbb/20260702_MarsDogTree/install/marsdog_behavior/share/marsdog_behavior/launch
[2.952s] symbolically linking /home/cat/xbb/20260702_MarsDogTree/build/marsdog_behavior/launch/behavior_tree.launch.py -> /home/cat/xbb/20260702_MarsDogTree/install/marsdog_behavior/share/marsdog_behavior/launch
[2.953s] creating /home/cat/xbb/20260702_MarsDogTree/install/marsdog_behavior/share/marsdog_behavior/config
[2.954s] symbolically linking /home/cat/xbb/20260702_MarsDogTree/build/marsdog_behavior/config/behaviors.yaml -> /home/cat/xbb/20260702_MarsDogTree/install/marsdog_behavior/share/marsdog_behavior/config
[2.955s] symbolically linking /home/cat/xbb/20260702_MarsDogTree/build/marsdog_behavior/config/behavior_categories.yaml -> /home/cat/xbb/20260702_MarsDogTree/install/marsdog_behavior/share/marsdog_behavior/config
[2.956s] symbolically linking /home/cat/xbb/20260702_MarsDogTree/build/marsdog_behavior/config/event_intent_map.yaml -> /home/cat/xbb/20260702_MarsDogTree/install/marsdog_behavior/share/marsdog_behavior/config
[2.957s] symbolically linking /home/cat/xbb/20260702_MarsDogTree/build/marsdog_behavior/config/intent_action_pool.yaml -> /home/cat/xbb/20260702_MarsDogTree/install/marsdog_behavior/share/marsdog_behavior/config
[2.958s] symbolically linking /home/cat/xbb/20260702_MarsDogTree/build/marsdog_behavior/config/emotion_behavior_map.yaml -> /home/cat/xbb/20260702_MarsDogTree/install/marsdog_behavior/share/marsdog_behavior/config
[2.959s] symbolically linking /home/cat/xbb/20260702_MarsDogTree/build/marsdog_behavior/config/legacy_behavior_aliases.yaml -> /home/cat/xbb/20260702_MarsDogTree/install/marsdog_behavior/share/marsdog_behavior/config
[2.960s] creating /home/cat/xbb/20260702_MarsDogTree/install/marsdog_behavior/share/ament_index
[2.961s] creating /home/cat/xbb/20260702_MarsDogTree/install/marsdog_behavior/share/ament_index/resource_index
[2.961s] creating /home/cat/xbb/20260702_MarsDogTree/install/marsdog_behavior/share/ament_index/resource_index/packages
[2.961s] symbolically linking /home/cat/xbb/20260702_MarsDogTree/build/marsdog_behavior/resource/marsdog_behavior -> /home/cat/xbb/20260702_MarsDogTree/install/marsdog_behavior/share/ament_index/resource_index/packages
[3.023s] Invoked command in '/home/cat/xbb/20260702_MarsDogTree/build/marsdog_behavior' returned '0': PYTHONPATH=/home/cat/xbb/20260702_MarsDogTree/build/marsdog_behavior/prefix_override:/usr/lib/python3/dist-packages/colcon_core/task/python/colcon_distutils_commands:/home/cat/xbb/20260702_MarsDogTree/install/marsdog_behavior/lib/python3.10/site-packages:${PYTHONPATH} /usr/bin/python3 -W ignore:setup.py install is deprecated -W ignore:easy_install command is deprecated setup.py develop --editable --build-directory /home/cat/xbb/20260702_MarsDogTree/build/marsdog_behavior/build --no-deps symlink_data
