[0.156s] DEBUG:colcon:Command line arguments: ['/usr/bin/colcon', 'build', '--symlink-install']
[0.156s] DEBUG:colcon:Parsed command line arguments: Namespace(log_base=None, log_level=None, verb_name='build', build_base='build', install_base='install', merge_install=False, symlink_install=True, test_result_base=None, continue_on_error=False, executor='parallel', parallel_workers=8, event_handlers=None, ignore_user_meta=False, metas=['./colcon.meta'], base_paths=['.'], packages_ignore=None, packages_ignore_regex=None, paths=None, packages_up_to=None, packages_up_to_regex=None, packages_above=None, packages_above_and_dependencies=None, packages_above_depth=None, packages_select_by_dep=None, packages_skip_by_dep=None, packages_skip_up_to=None, packages_select_build_failed=False, packages_skip_build_finished=False, packages_select_test_failures=False, packages_skip_test_passed=False, packages_select=None, packages_skip=None, packages_select_regex=None, packages_skip_regex=None, packages_start=None, packages_end=None, allow_overriding=[], cmake_args=None, cmake_target=None, cmake_target_skip_unavailable=False, cmake_clean_cache=False, cmake_clean_first=False, cmake_force_configure=False, ament_cmake_args=None, catkin_cmake_args=None, catkin_skip_building_tests=False, verb_parser=<colcon_defaults.argument_parser.defaults.DefaultArgumentsDecorator object at 0xffffa891f580>, verb_extension=<colcon_core.verb.build.BuildVerb object at 0xffffa891e6e0>, main=<bound method BuildVerb.main of <colcon_core.verb.build.BuildVerb object at 0xffffa891e6e0>>)
[0.355s] Level 1:colcon.colcon_core.package_discovery:discover_packages(colcon_meta) check parameters
[0.355s] Level 1:colcon.colcon_core.package_discovery:discover_packages(recursive) check parameters
[0.355s] Level 1:colcon.colcon_core.package_discovery:discover_packages(ignore) check parameters
[0.355s] Level 1:colcon.colcon_core.package_discovery:discover_packages(path) check parameters
[0.355s] Level 1:colcon.colcon_core.package_discovery:discover_packages(colcon_meta) discover
[0.355s] Level 1:colcon.colcon_core.package_discovery:discover_packages(recursive) discover
[0.356s] INFO:colcon.colcon_core.package_discovery:Crawling recursively for packages in '/home/cat/xbb/20260702_MarsDogTree'
[0.356s] Level 1:colcon.colcon_core.package_identification:_identify(.) by extensions ['ignore', 'ignore_ament_install']
[0.356s] Level 1:colcon.colcon_core.package_identification:_identify(.) by extension 'ignore'
[0.356s] Level 1:colcon.colcon_core.package_identification:_identify(.) by extension 'ignore_ament_install'
[0.356s] Level 1:colcon.colcon_core.package_identification:_identify(.) by extensions ['colcon_pkg']
[0.356s] Level 1:colcon.colcon_core.package_identification:_identify(.) by extension 'colcon_pkg'
[0.356s] Level 1:colcon.colcon_core.package_identification:_identify(.) by extensions ['colcon_meta']
[0.356s] Level 1:colcon.colcon_core.package_identification:_identify(.) by extension 'colcon_meta'
[0.356s] Level 1:colcon.colcon_core.package_identification:_identify(.) by extensions ['ros']
[0.356s] Level 1:colcon.colcon_core.package_identification:_identify(.) by extension 'ros'
[0.376s] DEBUG:colcon.colcon_core.package_identification:Package '.' with type 'ros.ament_python' and name 'marsdog_behavior'
[0.376s] Level 1:colcon.colcon_core.package_discovery:discover_packages(recursive) using defaults
[0.376s] Level 1:colcon.colcon_core.package_discovery:discover_packages(ignore) discover
[0.376s] Level 1:colcon.colcon_core.package_discovery:discover_packages(ignore) using defaults
[0.376s] Level 1:colcon.colcon_core.package_discovery:discover_packages(path) discover
[0.376s] Level 1:colcon.colcon_core.package_discovery:discover_packages(path) using defaults
[0.404s] Level 1:colcon.colcon_core.package_discovery:discover_packages(prefix_path) check parameters
[0.404s] Level 1:colcon.colcon_core.package_discovery:discover_packages(prefix_path) discover
[0.406s] DEBUG:colcon.colcon_installed_package_information.package_discovery:Found 1 installed packages in /home/cat/Marsdog/install
[0.407s] DEBUG:colcon.colcon_installed_package_information.package_discovery:Found 3 installed packages in /home/cat/ros2_ws/install
[0.409s] DEBUG:colcon.colcon_installed_package_information.package_discovery:Found 267 installed packages in /opt/ros/humble
[0.410s] Level 1:colcon.colcon_core.package_discovery:discover_packages(prefix_path) using defaults
[0.481s] Level 5:colcon.colcon_core.verb:set package 'marsdog_behavior' build argument 'cmake_args' from command line to 'None'
[0.481s] Level 5:colcon.colcon_core.verb:set package 'marsdog_behavior' build argument 'cmake_target' from command line to 'None'
[0.481s] Level 5:colcon.colcon_core.verb:set package 'marsdog_behavior' build argument 'cmake_target_skip_unavailable' from command line to 'False'
[0.481s] Level 5:colcon.colcon_core.verb:set package 'marsdog_behavior' build argument 'cmake_clean_cache' from command line to 'False'
[0.481s] Level 5:colcon.colcon_core.verb:set package 'marsdog_behavior' build argument 'cmake_clean_first' from command line to 'False'
[0.481s] Level 5:colcon.colcon_core.verb:set package 'marsdog_behavior' build argument 'cmake_force_configure' from command line to 'False'
[0.481s] Level 5:colcon.colcon_core.verb:set package 'marsdog_behavior' build argument 'ament_cmake_args' from command line to 'None'
[0.481s] Level 5:colcon.colcon_core.verb:set package 'marsdog_behavior' build argument 'catkin_cmake_args' from command line to 'None'
[0.482s] Level 5:colcon.colcon_core.verb:set package 'marsdog_behavior' build argument 'catkin_skip_building_tests' from command line to 'False'
[0.482s] DEBUG:colcon.colcon_core.verb:Building package 'marsdog_behavior' with the following arguments: {'ament_cmake_args': None, 'build_base': '/home/cat/xbb/20260702_MarsDogTree/build/marsdog_behavior', 'catkin_cmake_args': None, 'catkin_skip_building_tests': False, 'cmake_args': None, 'cmake_clean_cache': False, 'cmake_clean_first': False, 'cmake_force_configure': False, 'cmake_target': None, 'cmake_target_skip_unavailable': False, 'install_base': '/home/cat/xbb/20260702_MarsDogTree/install/marsdog_behavior', 'merge_install': False, 'path': '/home/cat/xbb/20260702_MarsDogTree', 'symlink_install': True, 'test_result_base': None}
[0.482s] INFO:colcon.colcon_core.executor:Executing jobs using 'parallel' executor
[0.484s] DEBUG:colcon.colcon_parallel_executor.executor.parallel:run_until_complete
[0.484s] INFO:colcon.colcon_ros.task.ament_python.build:Building ROS package in '/home/cat/xbb/20260702_MarsDogTree' with build type 'ament_python'
[0.484s] Level 1:colcon.colcon_core.shell:create_environment_hook('marsdog_behavior', 'ament_prefix_path')
[0.488s] INFO:colcon.colcon_core.plugin_system:Skipping extension 'colcon_core.shell.bat': Not used on non-Windows systems
[0.488s] INFO:colcon.colcon_core.shell:Creating environment hook '/home/cat/xbb/20260702_MarsDogTree/install/marsdog_behavior/share/marsdog_behavior/hook/ament_prefix_path.ps1'
[0.489s] INFO:colcon.colcon_core.shell:Creating environment descriptor '/home/cat/xbb/20260702_MarsDogTree/install/marsdog_behavior/share/marsdog_behavior/hook/ament_prefix_path.dsv'
[0.490s] INFO:colcon.colcon_core.shell:Creating environment hook '/home/cat/xbb/20260702_MarsDogTree/install/marsdog_behavior/share/marsdog_behavior/hook/ament_prefix_path.sh'
[0.491s] INFO:colcon.colcon_core.shell:Skip shell extension 'powershell' for command environment: Not usable outside of PowerShell
[0.491s] DEBUG:colcon.colcon_core.shell:Skip shell extension 'dsv' for command environment
[0.837s] INFO:colcon.colcon_core.task.python.build:Building Python package in '/home/cat/xbb/20260702_MarsDogTree'
[0.838s] INFO:colcon.colcon_core.shell:Skip shell extension 'powershell' for command environment: Not usable outside of PowerShell
[0.838s] DEBUG:colcon.colcon_core.shell:Skip shell extension 'dsv' for command environment
[1.289s] DEBUG:colcon.colcon_core.task.python.build:Available setuptools commands: bdist, easy_install, build_py, bdist_wheel, develop, alias, bdist_egg, install_scripts, bdist_dumb, upload_docs, symlink_data, install_headers, egg_info, test, install_data, check, build_clib, bdist_rpm, rotate, saveopts, clean, build_scripts, register, install_egg_info, build_ext, sdist, setopt, install, dist_info, upload, build, install_lib
[1.664s] DEBUG:colcon.colcon_core.task.python.build:Available setuptools 'develop' options: --dry-run, --help, --index-url, --zip-ok, --version, --local-snapshots-ok, --no-user-cfg, --always-unzip, --uninstall, --find-links, --egg-path, --optimize, --site-dirs, --verbose, --user, --build-directory, --prefix, --exclude-scripts, --script-dir, --no-deps, --always-copy, --editable, --multi-version, --record, --quiet, --no-find-links, --force-installation-into-system-dir, --upgrade, --allow-hosts, --install-dir, --install-layout
[1.669s] DEBUG:colcon.colcon_core.event_handler.log_command:Invoking command in '/home/cat/xbb/20260702_MarsDogTree/build/marsdog_behavior': PYTHONPATH=/home/cat/xbb/20260702_MarsDogTree/build/marsdog_behavior/prefix_override:/usr/lib/python3/dist-packages/colcon_core/task/python/colcon_distutils_commands:/home/cat/xbb/20260702_MarsDogTree/install/marsdog_behavior/lib/python3.10/site-packages:${PYTHONPATH} /usr/bin/python3 -W ignore:setup.py install is deprecated -W ignore:easy_install command is deprecated setup.py develop --editable --build-directory /home/cat/xbb/20260702_MarsDogTree/build/marsdog_behavior/build --no-deps symlink_data
[2.277s] Level 1:colcon.colcon_core.shell:create_environment_hook('marsdog_behavior', 'pythonpath_develop')
[2.277s] INFO:colcon.colcon_core.shell:Creating environment hook '/home/cat/xbb/20260702_MarsDogTree/build/marsdog_behavior/share/marsdog_behavior/hook/pythonpath_develop.ps1'
[2.279s] DEBUG:colcon.colcon_core.event_handler.log_command:Invoked command in '/home/cat/xbb/20260702_MarsDogTree/build/marsdog_behavior' returned '0': PYTHONPATH=/home/cat/xbb/20260702_MarsDogTree/build/marsdog_behavior/prefix_override:/usr/lib/python3/dist-packages/colcon_core/task/python/colcon_distutils_commands:/home/cat/xbb/20260702_MarsDogTree/install/marsdog_behavior/lib/python3.10/site-packages:${PYTHONPATH} /usr/bin/python3 -W ignore:setup.py install is deprecated -W ignore:easy_install command is deprecated setup.py develop --editable --build-directory /home/cat/xbb/20260702_MarsDogTree/build/marsdog_behavior/build --no-deps symlink_data
[2.280s] INFO:colcon.colcon_core.shell:Creating environment descriptor '/home/cat/xbb/20260702_MarsDogTree/build/marsdog_behavior/share/marsdog_behavior/hook/pythonpath_develop.dsv'
[2.281s] INFO:colcon.colcon_core.shell:Creating environment hook '/home/cat/xbb/20260702_MarsDogTree/build/marsdog_behavior/share/marsdog_behavior/hook/pythonpath_develop.sh'
[2.284s] Level 1:colcon.colcon_core.environment:checking '/home/cat/xbb/20260702_MarsDogTree/install/marsdog_behavior' for CMake module files
[2.285s] Level 1:colcon.colcon_core.environment:checking '/home/cat/xbb/20260702_MarsDogTree/install/marsdog_behavior' for CMake config files
[2.286s] Level 1:colcon.colcon_core.environment:checking '/home/cat/xbb/20260702_MarsDogTree/install/marsdog_behavior/lib'
[2.286s] Level 1:colcon.colcon_core.environment:checking '/home/cat/xbb/20260702_MarsDogTree/install/marsdog_behavior/bin'
[2.287s] Level 1:colcon.colcon_core.environment:checking '/home/cat/xbb/20260702_MarsDogTree/install/marsdog_behavior/lib/pkgconfig/marsdog_behavior.pc'
[2.287s] Level 1:colcon.colcon_core.environment:checking '/home/cat/xbb/20260702_MarsDogTree/install/marsdog_behavior/lib/python3.10/site-packages'
[2.287s] Level 1:colcon.colcon_core.shell:create_environment_hook('marsdog_behavior', 'pythonpath')
[2.287s] INFO:colcon.colcon_core.shell:Creating environment hook '/home/cat/xbb/20260702_MarsDogTree/install/marsdog_behavior/share/marsdog_behavior/hook/pythonpath.ps1'
[2.288s] INFO:colcon.colcon_core.shell:Creating environment descriptor '/home/cat/xbb/20260702_MarsDogTree/install/marsdog_behavior/share/marsdog_behavior/hook/pythonpath.dsv'
[2.289s] INFO:colcon.colcon_core.shell:Creating environment hook '/home/cat/xbb/20260702_MarsDogTree/install/marsdog_behavior/share/marsdog_behavior/hook/pythonpath.sh'
[2.290s] Level 1:colcon.colcon_core.environment:checking '/home/cat/xbb/20260702_MarsDogTree/install/marsdog_behavior/bin'
[2.290s] Level 1:colcon.colcon_core.environment:create_environment_scripts_only(marsdog_behavior)
[2.291s] INFO:colcon.colcon_core.shell:Creating package script '/home/cat/xbb/20260702_MarsDogTree/install/marsdog_behavior/share/marsdog_behavior/package.ps1'
[2.293s] INFO:colcon.colcon_core.shell:Creating package descriptor '/home/cat/xbb/20260702_MarsDogTree/install/marsdog_behavior/share/marsdog_behavior/package.dsv'
[2.293s] INFO:colcon.colcon_core.shell:Creating package script '/home/cat/xbb/20260702_MarsDogTree/install/marsdog_behavior/share/marsdog_behavior/package.sh'
[2.295s] INFO:colcon.colcon_core.shell:Creating package script '/home/cat/xbb/20260702_MarsDogTree/install/marsdog_behavior/share/marsdog_behavior/package.bash'
[2.295s] INFO:colcon.colcon_core.shell:Creating package script '/home/cat/xbb/20260702_MarsDogTree/install/marsdog_behavior/share/marsdog_behavior/package.zsh'
[2.296s] Level 1:colcon.colcon_core.environment:create_file_with_runtime_dependencies(/home/cat/xbb/20260702_MarsDogTree/install/marsdog_behavior/share/colcon-core/packages/marsdog_behavior)
[2.297s] DEBUG:colcon.colcon_parallel_executor.executor.parallel:closing loop
[2.297s] DEBUG:colcon.colcon_parallel_executor.executor.parallel:loop closed
[2.297s] DEBUG:colcon.colcon_parallel_executor.executor.parallel:run_until_complete finished with '0'
[2.297s] DEBUG:colcon.colcon_core.event_reactor:joining thread
[2.298s] DEBUG:colcon.colcon_core.event_reactor:joined thread
[2.298s] INFO:colcon.colcon_core.shell:Creating prefix script '/home/cat/xbb/20260702_MarsDogTree/install/local_setup.ps1'
[2.300s] INFO:colcon.colcon_core.shell:Creating prefix util module '/home/cat/xbb/20260702_MarsDogTree/install/_local_setup_util_ps1.py'
[2.302s] INFO:colcon.colcon_core.shell:Creating prefix chain script '/home/cat/xbb/20260702_MarsDogTree/install/setup.ps1'
[2.303s] INFO:colcon.colcon_core.shell:Creating prefix script '/home/cat/xbb/20260702_MarsDogTree/install/local_setup.sh'
[2.304s] INFO:colcon.colcon_core.shell:Creating prefix util module '/home/cat/xbb/20260702_MarsDogTree/install/_local_setup_util_sh.py'
[2.305s] INFO:colcon.colcon_core.shell:Creating prefix chain script '/home/cat/xbb/20260702_MarsDogTree/install/setup.sh'
[2.307s] INFO:colcon.colcon_core.shell:Creating prefix script '/home/cat/xbb/20260702_MarsDogTree/install/local_setup.bash'
[2.307s] INFO:colcon.colcon_core.shell:Creating prefix chain script '/home/cat/xbb/20260702_MarsDogTree/install/setup.bash'
[2.309s] INFO:colcon.colcon_core.shell:Creating prefix script '/home/cat/xbb/20260702_MarsDogTree/install/local_setup.zsh'
[2.310s] INFO:colcon.colcon_core.shell:Creating prefix chain script '/home/cat/xbb/20260702_MarsDogTree/install/setup.zsh'
