[0.169s] DEBUG:colcon:Command line arguments: ['/usr/bin/colcon', 'build', '--symlink-install', '--packages-select', 'marsdog_behavior']
[0.169s] DEBUG:colcon:Parsed command line arguments: Namespace(log_base=None, log_level=None, verb_name='build', build_base='build', install_base='install', merge_install=False, symlink_install=True, test_result_base=None, continue_on_error=False, executor='parallel', parallel_workers=8, event_handlers=None, ignore_user_meta=False, metas=['./colcon.meta'], base_paths=['.'], packages_ignore=None, packages_ignore_regex=None, paths=None, packages_up_to=None, packages_up_to_regex=None, packages_above=None, packages_above_and_dependencies=None, packages_above_depth=None, packages_select_by_dep=None, packages_skip_by_dep=None, packages_skip_up_to=None, packages_select_build_failed=False, packages_skip_build_finished=False, packages_select_test_failures=False, packages_skip_test_passed=False, packages_select=['marsdog_behavior'], packages_skip=None, packages_select_regex=None, packages_skip_regex=None, packages_start=None, packages_end=None, allow_overriding=[], cmake_args=None, cmake_target=None, cmake_target_skip_unavailable=False, cmake_clean_cache=False, cmake_clean_first=False, cmake_force_configure=False, ament_cmake_args=None, catkin_cmake_args=None, catkin_skip_building_tests=False, verb_parser=<colcon_defaults.argument_parser.defaults.DefaultArgumentsDecorator object at 0xffffa0fff5e0>, verb_extension=<colcon_core.verb.build.BuildVerb object at 0xffffa0ffe740>, main=<bound method BuildVerb.main of <colcon_core.verb.build.BuildVerb object at 0xffffa0ffe740>>)
[0.377s] Level 1:colcon.colcon_core.package_discovery:discover_packages(colcon_meta) check parameters
[0.377s] Level 1:colcon.colcon_core.package_discovery:discover_packages(recursive) check parameters
[0.377s] Level 1:colcon.colcon_core.package_discovery:discover_packages(ignore) check parameters
[0.377s] Level 1:colcon.colcon_core.package_discovery:discover_packages(path) check parameters
[0.377s] Level 1:colcon.colcon_core.package_discovery:discover_packages(colcon_meta) discover
[0.378s] Level 1:colcon.colcon_core.package_discovery:discover_packages(recursive) discover
[0.378s] INFO:colcon.colcon_core.package_discovery:Crawling recursively for packages in '/home/cat/xbb/20260702_MarsDogTree'
[0.378s] Level 1:colcon.colcon_core.package_identification:_identify(.) by extensions ['ignore', 'ignore_ament_install']
[0.378s] Level 1:colcon.colcon_core.package_identification:_identify(.) by extension 'ignore'
[0.378s] Level 1:colcon.colcon_core.package_identification:_identify(.) by extension 'ignore_ament_install'
[0.378s] Level 1:colcon.colcon_core.package_identification:_identify(.) by extensions ['colcon_pkg']
[0.378s] Level 1:colcon.colcon_core.package_identification:_identify(.) by extension 'colcon_pkg'
[0.378s] Level 1:colcon.colcon_core.package_identification:_identify(.) by extensions ['colcon_meta']
[0.379s] Level 1:colcon.colcon_core.package_identification:_identify(.) by extension 'colcon_meta'
[0.379s] Level 1:colcon.colcon_core.package_identification:_identify(.) by extensions ['ros']
[0.379s] Level 1:colcon.colcon_core.package_identification:_identify(.) by extension 'ros'
[0.400s] DEBUG:colcon.colcon_core.package_identification:Package '.' with type 'ros.ament_python' and name 'marsdog_behavior'
[0.400s] Level 1:colcon.colcon_core.package_discovery:discover_packages(recursive) using defaults
[0.400s] Level 1:colcon.colcon_core.package_discovery:discover_packages(ignore) discover
[0.400s] Level 1:colcon.colcon_core.package_discovery:discover_packages(ignore) using defaults
[0.401s] Level 1:colcon.colcon_core.package_discovery:discover_packages(path) discover
[0.401s] Level 1:colcon.colcon_core.package_discovery:discover_packages(path) using defaults
[0.435s] Level 1:colcon.colcon_core.package_discovery:discover_packages(prefix_path) check parameters
[0.435s] Level 1:colcon.colcon_core.package_discovery:discover_packages(prefix_path) discover
[0.450s] DEBUG:colcon.colcon_installed_package_information.package_discovery:Found 1 installed packages in /home/cat/Marsdog/install
[0.452s] DEBUG:colcon.colcon_installed_package_information.package_discovery:Found 3 installed packages in /home/cat/ros2_ws/install
[0.455s] DEBUG:colcon.colcon_installed_package_information.package_discovery:Found 267 installed packages in /opt/ros/humble
[0.457s] Level 1:colcon.colcon_core.package_discovery:discover_packages(prefix_path) using defaults
[0.663s] Level 5:colcon.colcon_core.verb:set package 'marsdog_behavior' build argument 'cmake_args' from command line to 'None'
[0.664s] Level 5:colcon.colcon_core.verb:set package 'marsdog_behavior' build argument 'cmake_target' from command line to 'None'
[0.664s] Level 5:colcon.colcon_core.verb:set package 'marsdog_behavior' build argument 'cmake_target_skip_unavailable' from command line to 'False'
[0.664s] Level 5:colcon.colcon_core.verb:set package 'marsdog_behavior' build argument 'cmake_clean_cache' from command line to 'False'
[0.664s] Level 5:colcon.colcon_core.verb:set package 'marsdog_behavior' build argument 'cmake_clean_first' from command line to 'False'
[0.664s] Level 5:colcon.colcon_core.verb:set package 'marsdog_behavior' build argument 'cmake_force_configure' from command line to 'False'
[0.664s] Level 5:colcon.colcon_core.verb:set package 'marsdog_behavior' build argument 'ament_cmake_args' from command line to 'None'
[0.664s] Level 5:colcon.colcon_core.verb:set package 'marsdog_behavior' build argument 'catkin_cmake_args' from command line to 'None'
[0.664s] Level 5:colcon.colcon_core.verb:set package 'marsdog_behavior' build argument 'catkin_skip_building_tests' from command line to 'False'
[0.664s] DEBUG:colcon.colcon_core.verb:Building package 'marsdog_behavior' with the following arguments: {'ament_cmake_args': None, 'build_base': '/home/cat/xbb/20260702_MarsDogTree/build/marsdog_behavior', 'catkin_cmake_args': None, 'catkin_skip_building_tests': False, 'cmake_args': None, 'cmake_clean_cache': False, 'cmake_clean_first': False, 'cmake_force_configure': False, 'cmake_target': None, 'cmake_target_skip_unavailable': False, 'install_base': '/home/cat/xbb/20260702_MarsDogTree/install/marsdog_behavior', 'merge_install': False, 'path': '/home/cat/xbb/20260702_MarsDogTree', 'symlink_install': True, 'test_result_base': None}
[0.664s] INFO:colcon.colcon_core.executor:Executing jobs using 'parallel' executor
[0.666s] DEBUG:colcon.colcon_parallel_executor.executor.parallel:run_until_complete
[0.666s] INFO:colcon.colcon_ros.task.ament_python.build:Building ROS package in '/home/cat/xbb/20260702_MarsDogTree' with build type 'ament_python'
[0.666s] Level 1:colcon.colcon_core.shell:create_environment_hook('marsdog_behavior', 'ament_prefix_path')
[0.675s] INFO:colcon.colcon_core.plugin_system:Skipping extension 'colcon_core.shell.bat': Not used on non-Windows systems
[0.675s] INFO:colcon.colcon_core.shell:Creating environment hook '/home/cat/xbb/20260702_MarsDogTree/install/marsdog_behavior/share/marsdog_behavior/hook/ament_prefix_path.ps1'
[0.677s] INFO:colcon.colcon_core.shell:Creating environment descriptor '/home/cat/xbb/20260702_MarsDogTree/install/marsdog_behavior/share/marsdog_behavior/hook/ament_prefix_path.dsv'
[0.678s] INFO:colcon.colcon_core.shell:Creating environment hook '/home/cat/xbb/20260702_MarsDogTree/install/marsdog_behavior/share/marsdog_behavior/hook/ament_prefix_path.sh'
[0.681s] INFO:colcon.colcon_core.shell:Skip shell extension 'powershell' for command environment: Not usable outside of PowerShell
[0.681s] DEBUG:colcon.colcon_core.shell:Skip shell extension 'dsv' for command environment
[1.048s] INFO:colcon.colcon_core.task.python.build:Building Python package in '/home/cat/xbb/20260702_MarsDogTree'
[1.049s] INFO:colcon.colcon_core.shell:Skip shell extension 'powershell' for command environment: Not usable outside of PowerShell
[1.049s] DEBUG:colcon.colcon_core.shell:Skip shell extension 'dsv' for command environment
[1.566s] DEBUG:colcon.colcon_core.task.python.build:Available setuptools commands: easy_install, install_scripts, build, dist_info, install_lib, clean, bdist_wheel, develop, check, upload_docs, build_scripts, install, register, install_egg_info, bdist_egg, build_ext, egg_info, bdist_rpm, symlink_data, test, rotate, setopt, install_headers, bdist_dumb, build_clib, sdist, alias, build_py, saveopts, upload, bdist, install_data
[1.972s] DEBUG:colcon.colcon_core.task.python.build:Available setuptools 'develop' options: --quiet, --help, --install-dir, --build-directory, --script-dir, --no-user-cfg, --force-installation-into-system-dir, --editable, --local-snapshots-ok, --zip-ok, --verbose, --find-links, --uninstall, --upgrade, --no-deps, --always-unzip, --install-layout, --dry-run, --version, --multi-version, --exclude-scripts, --record, --allow-hosts, --site-dirs, --prefix, --user, --optimize, --egg-path, --index-url, --always-copy, --no-find-links
[1.977s] DEBUG:colcon.colcon_core.event_handler.log_command:Invoking command in '/home/cat/xbb/20260702_MarsDogTree/build/marsdog_behavior': PYTHONPATH=/home/cat/xbb/20260702_MarsDogTree/build/marsdog_behavior/prefix_override:/usr/lib/python3/dist-packages/colcon_core/task/python/colcon_distutils_commands:/home/cat/xbb/20260702_MarsDogTree/install/marsdog_behavior/lib/python3.10/site-packages:${PYTHONPATH} /usr/bin/python3 -W ignore:setup.py install is deprecated -W ignore:easy_install command is deprecated setup.py develop --editable --build-directory /home/cat/xbb/20260702_MarsDogTree/build/marsdog_behavior/build --no-deps symlink_data
[2.596s] Level 1:colcon.colcon_core.shell:create_environment_hook('marsdog_behavior', 'pythonpath_develop')
[2.597s] INFO:colcon.colcon_core.shell:Creating environment hook '/home/cat/xbb/20260702_MarsDogTree/build/marsdog_behavior/share/marsdog_behavior/hook/pythonpath_develop.ps1'
[2.599s] DEBUG:colcon.colcon_core.event_handler.log_command:Invoked command in '/home/cat/xbb/20260702_MarsDogTree/build/marsdog_behavior' returned '0': PYTHONPATH=/home/cat/xbb/20260702_MarsDogTree/build/marsdog_behavior/prefix_override:/usr/lib/python3/dist-packages/colcon_core/task/python/colcon_distutils_commands:/home/cat/xbb/20260702_MarsDogTree/install/marsdog_behavior/lib/python3.10/site-packages:${PYTHONPATH} /usr/bin/python3 -W ignore:setup.py install is deprecated -W ignore:easy_install command is deprecated setup.py develop --editable --build-directory /home/cat/xbb/20260702_MarsDogTree/build/marsdog_behavior/build --no-deps symlink_data
[2.601s] INFO:colcon.colcon_core.shell:Creating environment descriptor '/home/cat/xbb/20260702_MarsDogTree/build/marsdog_behavior/share/marsdog_behavior/hook/pythonpath_develop.dsv'
[2.603s] INFO:colcon.colcon_core.shell:Creating environment hook '/home/cat/xbb/20260702_MarsDogTree/build/marsdog_behavior/share/marsdog_behavior/hook/pythonpath_develop.sh'
[2.624s] Level 1:colcon.colcon_core.environment:checking '/home/cat/xbb/20260702_MarsDogTree/install/marsdog_behavior' for CMake module files
[2.630s] Level 1:colcon.colcon_core.environment:checking '/home/cat/xbb/20260702_MarsDogTree/install/marsdog_behavior' for CMake config files
[2.637s] Level 1:colcon.colcon_core.environment:checking '/home/cat/xbb/20260702_MarsDogTree/install/marsdog_behavior/lib'
[2.637s] Level 1:colcon.colcon_core.environment:checking '/home/cat/xbb/20260702_MarsDogTree/install/marsdog_behavior/bin'
[2.638s] Level 1:colcon.colcon_core.environment:checking '/home/cat/xbb/20260702_MarsDogTree/install/marsdog_behavior/lib/pkgconfig/marsdog_behavior.pc'
[2.639s] Level 1:colcon.colcon_core.environment:checking '/home/cat/xbb/20260702_MarsDogTree/install/marsdog_behavior/lib/python3.10/site-packages'
[2.639s] Level 1:colcon.colcon_core.shell:create_environment_hook('marsdog_behavior', 'pythonpath')
[2.640s] INFO:colcon.colcon_core.shell:Creating environment hook '/home/cat/xbb/20260702_MarsDogTree/install/marsdog_behavior/share/marsdog_behavior/hook/pythonpath.ps1'
[2.642s] INFO:colcon.colcon_core.shell:Creating environment descriptor '/home/cat/xbb/20260702_MarsDogTree/install/marsdog_behavior/share/marsdog_behavior/hook/pythonpath.dsv'
[2.644s] INFO:colcon.colcon_core.shell:Creating environment hook '/home/cat/xbb/20260702_MarsDogTree/install/marsdog_behavior/share/marsdog_behavior/hook/pythonpath.sh'
[2.647s] Level 1:colcon.colcon_core.environment:checking '/home/cat/xbb/20260702_MarsDogTree/install/marsdog_behavior/bin'
[2.648s] Level 1:colcon.colcon_core.environment:create_environment_scripts_only(marsdog_behavior)
[2.650s] INFO:colcon.colcon_core.shell:Creating package script '/home/cat/xbb/20260702_MarsDogTree/install/marsdog_behavior/share/marsdog_behavior/package.ps1'
[2.658s] INFO:colcon.colcon_core.shell:Creating package descriptor '/home/cat/xbb/20260702_MarsDogTree/install/marsdog_behavior/share/marsdog_behavior/package.dsv'
[2.663s] INFO:colcon.colcon_core.shell:Creating package script '/home/cat/xbb/20260702_MarsDogTree/install/marsdog_behavior/share/marsdog_behavior/package.sh'
[2.670s] INFO:colcon.colcon_core.shell:Creating package script '/home/cat/xbb/20260702_MarsDogTree/install/marsdog_behavior/share/marsdog_behavior/package.bash'
[2.674s] INFO:colcon.colcon_core.shell:Creating package script '/home/cat/xbb/20260702_MarsDogTree/install/marsdog_behavior/share/marsdog_behavior/package.zsh'
[2.676s] Level 1:colcon.colcon_core.environment:create_file_with_runtime_dependencies(/home/cat/xbb/20260702_MarsDogTree/install/marsdog_behavior/share/colcon-core/packages/marsdog_behavior)
[2.677s] DEBUG:colcon.colcon_parallel_executor.executor.parallel:closing loop
[2.678s] DEBUG:colcon.colcon_parallel_executor.executor.parallel:loop closed
[2.678s] DEBUG:colcon.colcon_parallel_executor.executor.parallel:run_until_complete finished with '0'
[2.678s] DEBUG:colcon.colcon_core.event_reactor:joining thread
[2.679s] DEBUG:colcon.colcon_core.event_reactor:joined thread
[2.680s] INFO:colcon.colcon_core.shell:Creating prefix script '/home/cat/xbb/20260702_MarsDogTree/install/local_setup.ps1'
[2.686s] INFO:colcon.colcon_core.shell:Creating prefix util module '/home/cat/xbb/20260702_MarsDogTree/install/_local_setup_util_ps1.py'
[2.695s] INFO:colcon.colcon_core.shell:Creating prefix chain script '/home/cat/xbb/20260702_MarsDogTree/install/setup.ps1'
[2.699s] INFO:colcon.colcon_core.shell:Creating prefix script '/home/cat/xbb/20260702_MarsDogTree/install/local_setup.sh'
[2.701s] INFO:colcon.colcon_core.shell:Creating prefix util module '/home/cat/xbb/20260702_MarsDogTree/install/_local_setup_util_sh.py'
[2.702s] INFO:colcon.colcon_core.shell:Creating prefix chain script '/home/cat/xbb/20260702_MarsDogTree/install/setup.sh'
[2.704s] INFO:colcon.colcon_core.shell:Creating prefix script '/home/cat/xbb/20260702_MarsDogTree/install/local_setup.bash'
[2.706s] INFO:colcon.colcon_core.shell:Creating prefix chain script '/home/cat/xbb/20260702_MarsDogTree/install/setup.bash'
[2.708s] INFO:colcon.colcon_core.shell:Creating prefix script '/home/cat/xbb/20260702_MarsDogTree/install/local_setup.zsh'
[2.710s] INFO:colcon.colcon_core.shell:Creating prefix chain script '/home/cat/xbb/20260702_MarsDogTree/install/setup.zsh'
