[0.153s] DEBUG:colcon:Command line arguments: ['/usr/bin/colcon', 'build', '--symlink-install']
[0.153s] DEBUG:colcon:Parsed command line arguments: Namespace(log_base=None, log_level=None, verb_name='build', build_base='build', install_base='install', merge_install=False, symlink_install=True, test_result_base=None, continue_on_error=False, executor='parallel', parallel_workers=8, event_handlers=None, ignore_user_meta=False, metas=['./colcon.meta'], base_paths=['.'], packages_ignore=None, packages_ignore_regex=None, paths=None, packages_up_to=None, packages_up_to_regex=None, packages_above=None, packages_above_and_dependencies=None, packages_above_depth=None, packages_select_by_dep=None, packages_skip_by_dep=None, packages_skip_up_to=None, packages_select_build_failed=False, packages_skip_build_finished=False, packages_select_test_failures=False, packages_skip_test_passed=False, packages_select=None, packages_skip=None, packages_select_regex=None, packages_skip_regex=None, packages_start=None, packages_end=None, allow_overriding=[], cmake_args=None, cmake_target=None, cmake_target_skip_unavailable=False, cmake_clean_cache=False, cmake_clean_first=False, cmake_force_configure=False, ament_cmake_args=None, catkin_cmake_args=None, catkin_skip_building_tests=False, verb_parser=<colcon_defaults.argument_parser.defaults.DefaultArgumentsDecorator object at 0xffff8aeaf580>, verb_extension=<colcon_core.verb.build.BuildVerb object at 0xffff8aeae6e0>, main=<bound method BuildVerb.main of <colcon_core.verb.build.BuildVerb object at 0xffff8aeae6e0>>)
[0.365s] Level 1:colcon.colcon_core.package_discovery:discover_packages(colcon_meta) check parameters
[0.365s] Level 1:colcon.colcon_core.package_discovery:discover_packages(recursive) check parameters
[0.365s] Level 1:colcon.colcon_core.package_discovery:discover_packages(ignore) check parameters
[0.365s] Level 1:colcon.colcon_core.package_discovery:discover_packages(path) check parameters
[0.365s] Level 1:colcon.colcon_core.package_discovery:discover_packages(colcon_meta) discover
[0.366s] Level 1:colcon.colcon_core.package_discovery:discover_packages(recursive) discover
[0.366s] INFO:colcon.colcon_core.package_discovery:Crawling recursively for packages in '/home/cat/xbb/20260702_MarsDogTree'
[0.366s] Level 1:colcon.colcon_core.package_identification:_identify(.) by extensions ['ignore', 'ignore_ament_install']
[0.366s] Level 1:colcon.colcon_core.package_identification:_identify(.) by extension 'ignore'
[0.366s] Level 1:colcon.colcon_core.package_identification:_identify(.) by extension 'ignore_ament_install'
[0.366s] Level 1:colcon.colcon_core.package_identification:_identify(.) by extensions ['colcon_pkg']
[0.366s] Level 1:colcon.colcon_core.package_identification:_identify(.) by extension 'colcon_pkg'
[0.366s] Level 1:colcon.colcon_core.package_identification:_identify(.) by extensions ['colcon_meta']
[0.366s] Level 1:colcon.colcon_core.package_identification:_identify(.) by extension 'colcon_meta'
[0.367s] Level 1:colcon.colcon_core.package_identification:_identify(.) by extensions ['ros']
[0.367s] Level 1:colcon.colcon_core.package_identification:_identify(.) by extension 'ros'
[0.387s] DEBUG:colcon.colcon_core.package_identification:Package '.' with type 'ros.ament_python' and name 'marsdog_behavior'
[0.387s] Level 1:colcon.colcon_core.package_discovery:discover_packages(recursive) using defaults
[0.387s] Level 1:colcon.colcon_core.package_discovery:discover_packages(ignore) discover
[0.387s] Level 1:colcon.colcon_core.package_discovery:discover_packages(ignore) using defaults
[0.387s] Level 1:colcon.colcon_core.package_discovery:discover_packages(path) discover
[0.387s] Level 1:colcon.colcon_core.package_discovery:discover_packages(path) using defaults
[0.415s] Level 1:colcon.colcon_core.package_discovery:discover_packages(prefix_path) check parameters
[0.415s] Level 1:colcon.colcon_core.package_discovery:discover_packages(prefix_path) discover
[0.418s] DEBUG:colcon.colcon_installed_package_information.package_discovery:Found 1 installed packages in /home/cat/Marsdog/install
[0.419s] DEBUG:colcon.colcon_installed_package_information.package_discovery:Found 3 installed packages in /home/cat/ros2_ws/install
[0.420s] DEBUG:colcon.colcon_installed_package_information.package_discovery:Found 267 installed packages in /opt/ros/humble
[0.422s] Level 1:colcon.colcon_core.package_discovery:discover_packages(prefix_path) using defaults
[0.493s] Level 5:colcon.colcon_core.verb:set package 'marsdog_behavior' build argument 'cmake_args' from command line to 'None'
[0.493s] Level 5:colcon.colcon_core.verb:set package 'marsdog_behavior' build argument 'cmake_target' from command line to 'None'
[0.493s] Level 5:colcon.colcon_core.verb:set package 'marsdog_behavior' build argument 'cmake_target_skip_unavailable' from command line to 'False'
[0.493s] Level 5:colcon.colcon_core.verb:set package 'marsdog_behavior' build argument 'cmake_clean_cache' from command line to 'False'
[0.493s] Level 5:colcon.colcon_core.verb:set package 'marsdog_behavior' build argument 'cmake_clean_first' from command line to 'False'
[0.493s] Level 5:colcon.colcon_core.verb:set package 'marsdog_behavior' build argument 'cmake_force_configure' from command line to 'False'
[0.493s] Level 5:colcon.colcon_core.verb:set package 'marsdog_behavior' build argument 'ament_cmake_args' from command line to 'None'
[0.493s] Level 5:colcon.colcon_core.verb:set package 'marsdog_behavior' build argument 'catkin_cmake_args' from command line to 'None'
[0.493s] Level 5:colcon.colcon_core.verb:set package 'marsdog_behavior' build argument 'catkin_skip_building_tests' from command line to 'False'
[0.493s] DEBUG:colcon.colcon_core.verb:Building package 'marsdog_behavior' with the following arguments: {'ament_cmake_args': None, 'build_base': '/home/cat/xbb/20260702_MarsDogTree/build/marsdog_behavior', 'catkin_cmake_args': None, 'catkin_skip_building_tests': False, 'cmake_args': None, 'cmake_clean_cache': False, 'cmake_clean_first': False, 'cmake_force_configure': False, 'cmake_target': None, 'cmake_target_skip_unavailable': False, 'install_base': '/home/cat/xbb/20260702_MarsDogTree/install/marsdog_behavior', 'merge_install': False, 'path': '/home/cat/xbb/20260702_MarsDogTree', 'symlink_install': True, 'test_result_base': None}
[0.494s] INFO:colcon.colcon_core.executor:Executing jobs using 'parallel' executor
[0.495s] DEBUG:colcon.colcon_parallel_executor.executor.parallel:run_until_complete
[0.496s] INFO:colcon.colcon_ros.task.ament_python.build:Building ROS package in '/home/cat/xbb/20260702_MarsDogTree' with build type 'ament_python'
[0.496s] Level 1:colcon.colcon_core.shell:create_environment_hook('marsdog_behavior', 'ament_prefix_path')
[0.499s] INFO:colcon.colcon_core.plugin_system:Skipping extension 'colcon_core.shell.bat': Not used on non-Windows systems
[0.499s] INFO:colcon.colcon_core.shell:Creating environment hook '/home/cat/xbb/20260702_MarsDogTree/install/marsdog_behavior/share/marsdog_behavior/hook/ament_prefix_path.ps1'
[0.500s] INFO:colcon.colcon_core.shell:Creating environment descriptor '/home/cat/xbb/20260702_MarsDogTree/install/marsdog_behavior/share/marsdog_behavior/hook/ament_prefix_path.dsv'
[0.501s] INFO:colcon.colcon_core.shell:Creating environment hook '/home/cat/xbb/20260702_MarsDogTree/install/marsdog_behavior/share/marsdog_behavior/hook/ament_prefix_path.sh'
[0.502s] INFO:colcon.colcon_core.shell:Skip shell extension 'powershell' for command environment: Not usable outside of PowerShell
[0.502s] DEBUG:colcon.colcon_core.shell:Skip shell extension 'dsv' for command environment
[0.884s] INFO:colcon.colcon_core.task.python.build:Building Python package in '/home/cat/xbb/20260702_MarsDogTree'
[0.885s] INFO:colcon.colcon_core.shell:Skip shell extension 'powershell' for command environment: Not usable outside of PowerShell
[0.885s] DEBUG:colcon.colcon_core.shell:Skip shell extension 'dsv' for command environment
[1.455s] DEBUG:colcon.colcon_core.task.python.build:Available setuptools commands: install_headers, bdist_wheel, check, register, dist_info, install_data, install, develop, install_egg_info, upload_docs, setopt, egg_info, build_ext, alias, rotate, sdist, install_scripts, bdist, build, bdist_egg, build_scripts, build_clib, bdist_dumb, clean, easy_install, bdist_rpm, upload, install_lib, build_py, saveopts, symlink_data, test
[1.860s] DEBUG:colcon.colcon_core.task.python.build:Available setuptools 'develop' options: --build-directory, --site-dirs, --no-user-cfg, --force-installation-into-system-dir, --version, --zip-ok, --exclude-scripts, --optimize, --dry-run, --index-url, --install-dir, --editable, --install-layout, --no-find-links, --egg-path, --quiet, --uninstall, --record, --local-snapshots-ok, --prefix, --always-copy, --no-deps, --allow-hosts, --upgrade, --user, --always-unzip, --multi-version, --verbose, --script-dir, --help, --find-links
[1.867s] DEBUG:colcon.colcon_core.event_handler.log_command:Invoking command in '/home/cat/xbb/20260702_MarsDogTree/build/marsdog_behavior': PYTHONPATH=/home/cat/xbb/20260702_MarsDogTree/build/marsdog_behavior/prefix_override:/usr/lib/python3/dist-packages/colcon_core/task/python/colcon_distutils_commands:/home/cat/xbb/20260702_MarsDogTree/install/marsdog_behavior/lib/python3.10/site-packages:${PYTHONPATH} /usr/bin/python3 -W ignore:setup.py install is deprecated -W ignore:easy_install command is deprecated setup.py develop --editable --build-directory /home/cat/xbb/20260702_MarsDogTree/build/marsdog_behavior/build --no-deps symlink_data
[2.514s] Level 1:colcon.colcon_core.shell:create_environment_hook('marsdog_behavior', 'pythonpath_develop')
[2.514s] INFO:colcon.colcon_core.shell:Creating environment hook '/home/cat/xbb/20260702_MarsDogTree/build/marsdog_behavior/share/marsdog_behavior/hook/pythonpath_develop.ps1'
[2.516s] DEBUG:colcon.colcon_core.event_handler.log_command:Invoked command in '/home/cat/xbb/20260702_MarsDogTree/build/marsdog_behavior' returned '0': PYTHONPATH=/home/cat/xbb/20260702_MarsDogTree/build/marsdog_behavior/prefix_override:/usr/lib/python3/dist-packages/colcon_core/task/python/colcon_distutils_commands:/home/cat/xbb/20260702_MarsDogTree/install/marsdog_behavior/lib/python3.10/site-packages:${PYTHONPATH} /usr/bin/python3 -W ignore:setup.py install is deprecated -W ignore:easy_install command is deprecated setup.py develop --editable --build-directory /home/cat/xbb/20260702_MarsDogTree/build/marsdog_behavior/build --no-deps symlink_data
[2.517s] INFO:colcon.colcon_core.shell:Creating environment descriptor '/home/cat/xbb/20260702_MarsDogTree/build/marsdog_behavior/share/marsdog_behavior/hook/pythonpath_develop.dsv'
[2.518s] INFO:colcon.colcon_core.shell:Creating environment hook '/home/cat/xbb/20260702_MarsDogTree/build/marsdog_behavior/share/marsdog_behavior/hook/pythonpath_develop.sh'
[2.530s] Level 1:colcon.colcon_core.environment:checking '/home/cat/xbb/20260702_MarsDogTree/install/marsdog_behavior' for CMake module files
[2.532s] Level 1:colcon.colcon_core.environment:checking '/home/cat/xbb/20260702_MarsDogTree/install/marsdog_behavior' for CMake config files
[2.535s] Level 1:colcon.colcon_core.environment:checking '/home/cat/xbb/20260702_MarsDogTree/install/marsdog_behavior/lib'
[2.536s] Level 1:colcon.colcon_core.environment:checking '/home/cat/xbb/20260702_MarsDogTree/install/marsdog_behavior/bin'
[2.536s] Level 1:colcon.colcon_core.environment:checking '/home/cat/xbb/20260702_MarsDogTree/install/marsdog_behavior/lib/pkgconfig/marsdog_behavior.pc'
[2.537s] Level 1:colcon.colcon_core.environment:checking '/home/cat/xbb/20260702_MarsDogTree/install/marsdog_behavior/lib/python3.10/site-packages'
[2.537s] Level 1:colcon.colcon_core.shell:create_environment_hook('marsdog_behavior', 'pythonpath')
[2.538s] INFO:colcon.colcon_core.shell:Creating environment hook '/home/cat/xbb/20260702_MarsDogTree/install/marsdog_behavior/share/marsdog_behavior/hook/pythonpath.ps1'
[2.540s] INFO:colcon.colcon_core.shell:Creating environment descriptor '/home/cat/xbb/20260702_MarsDogTree/install/marsdog_behavior/share/marsdog_behavior/hook/pythonpath.dsv'
[2.542s] INFO:colcon.colcon_core.shell:Creating environment hook '/home/cat/xbb/20260702_MarsDogTree/install/marsdog_behavior/share/marsdog_behavior/hook/pythonpath.sh'
[2.545s] Level 1:colcon.colcon_core.environment:checking '/home/cat/xbb/20260702_MarsDogTree/install/marsdog_behavior/bin'
[2.545s] Level 1:colcon.colcon_core.environment:create_environment_scripts_only(marsdog_behavior)
[2.547s] INFO:colcon.colcon_core.shell:Creating package script '/home/cat/xbb/20260702_MarsDogTree/install/marsdog_behavior/share/marsdog_behavior/package.ps1'
[2.553s] INFO:colcon.colcon_core.shell:Creating package descriptor '/home/cat/xbb/20260702_MarsDogTree/install/marsdog_behavior/share/marsdog_behavior/package.dsv'
[2.556s] INFO:colcon.colcon_core.shell:Creating package script '/home/cat/xbb/20260702_MarsDogTree/install/marsdog_behavior/share/marsdog_behavior/package.sh'
[2.561s] INFO:colcon.colcon_core.shell:Creating package script '/home/cat/xbb/20260702_MarsDogTree/install/marsdog_behavior/share/marsdog_behavior/package.bash'
[2.562s] INFO:colcon.colcon_core.shell:Creating package script '/home/cat/xbb/20260702_MarsDogTree/install/marsdog_behavior/share/marsdog_behavior/package.zsh'
[2.563s] Level 1:colcon.colcon_core.environment:create_file_with_runtime_dependencies(/home/cat/xbb/20260702_MarsDogTree/install/marsdog_behavior/share/colcon-core/packages/marsdog_behavior)
[2.564s] DEBUG:colcon.colcon_parallel_executor.executor.parallel:closing loop
[2.564s] DEBUG:colcon.colcon_parallel_executor.executor.parallel:loop closed
[2.564s] DEBUG:colcon.colcon_parallel_executor.executor.parallel:run_until_complete finished with '0'
[2.564s] DEBUG:colcon.colcon_core.event_reactor:joining thread
[2.566s] DEBUG:colcon.colcon_core.event_reactor:joined thread
[2.566s] INFO:colcon.colcon_core.shell:Creating prefix script '/home/cat/xbb/20260702_MarsDogTree/install/local_setup.ps1'
[2.567s] INFO:colcon.colcon_core.shell:Creating prefix util module '/home/cat/xbb/20260702_MarsDogTree/install/_local_setup_util_ps1.py'
[2.569s] INFO:colcon.colcon_core.shell:Creating prefix chain script '/home/cat/xbb/20260702_MarsDogTree/install/setup.ps1'
[2.571s] INFO:colcon.colcon_core.shell:Creating prefix script '/home/cat/xbb/20260702_MarsDogTree/install/local_setup.sh'
[2.572s] INFO:colcon.colcon_core.shell:Creating prefix util module '/home/cat/xbb/20260702_MarsDogTree/install/_local_setup_util_sh.py'
[2.572s] INFO:colcon.colcon_core.shell:Creating prefix chain script '/home/cat/xbb/20260702_MarsDogTree/install/setup.sh'
[2.574s] INFO:colcon.colcon_core.shell:Creating prefix script '/home/cat/xbb/20260702_MarsDogTree/install/local_setup.bash'
[2.575s] INFO:colcon.colcon_core.shell:Creating prefix chain script '/home/cat/xbb/20260702_MarsDogTree/install/setup.bash'
[2.576s] INFO:colcon.colcon_core.shell:Creating prefix script '/home/cat/xbb/20260702_MarsDogTree/install/local_setup.zsh'
[2.577s] INFO:colcon.colcon_core.shell:Creating prefix chain script '/home/cat/xbb/20260702_MarsDogTree/install/setup.zsh'
