[0.235s] DEBUG:colcon:Command line arguments: ['/usr/bin/colcon', 'build', '--packages-select', 'marsdog_interfaces', 'marsdog_action_executor', '--symlink-install']
[0.235s] DEBUG:colcon:Parsed command line arguments: Namespace(log_base=None, log_level=None, verb_name='build', build_base='build', install_base='install', merge_install=False, symlink_install=True, test_result_base=None, continue_on_error=False, executor='parallel', parallel_workers=8, event_handlers=None, ignore_user_meta=False, metas=['./colcon.meta'], base_paths=['.'], packages_ignore=None, packages_ignore_regex=None, paths=None, packages_up_to=None, packages_up_to_regex=None, packages_above=None, packages_above_and_dependencies=None, packages_above_depth=None, packages_select_by_dep=None, packages_skip_by_dep=None, packages_skip_up_to=None, packages_select_build_failed=False, packages_skip_build_finished=False, packages_select_test_failures=False, packages_skip_test_passed=False, packages_select=['marsdog_interfaces', 'marsdog_action_executor'], packages_skip=None, packages_select_regex=None, packages_skip_regex=None, packages_start=None, packages_end=None, allow_overriding=[], cmake_args=None, cmake_target=None, cmake_target_skip_unavailable=False, cmake_clean_cache=False, cmake_clean_first=False, cmake_force_configure=False, ament_cmake_args=None, catkin_cmake_args=None, catkin_skip_building_tests=False, verb_parser=<colcon_defaults.argument_parser.defaults.DefaultArgumentsDecorator object at 0xffff80329f90>, verb_extension=<colcon_core.verb.build.BuildVerb object at 0xffff80329150>, main=<bound method BuildVerb.main of <colcon_core.verb.build.BuildVerb object at 0xffff80329150>>)
[0.548s] Level 1:colcon.colcon_core.package_discovery:discover_packages(colcon_meta) check parameters
[0.548s] Level 1:colcon.colcon_core.package_discovery:discover_packages(recursive) check parameters
[0.548s] Level 1:colcon.colcon_core.package_discovery:discover_packages(ignore) check parameters
[0.549s] Level 1:colcon.colcon_core.package_discovery:discover_packages(path) check parameters
[0.549s] Level 1:colcon.colcon_core.package_discovery:discover_packages(colcon_meta) discover
[0.549s] Level 1:colcon.colcon_core.package_discovery:discover_packages(recursive) discover
[0.549s] INFO:colcon.colcon_core.package_discovery:Crawling recursively for packages in '/home/cat/xbb/20260707_MarsDogAction'
[0.549s] Level 1:colcon.colcon_core.package_identification:_identify(.) by extensions ['ignore', 'ignore_ament_install']
[0.549s] Level 1:colcon.colcon_core.package_identification:_identify(.) by extension 'ignore'
[0.550s] Level 1:colcon.colcon_core.package_identification:_identify(.) by extension 'ignore_ament_install'
[0.550s] Level 1:colcon.colcon_core.package_identification:_identify(.) by extensions ['colcon_pkg']
[0.550s] Level 1:colcon.colcon_core.package_identification:_identify(.) by extension 'colcon_pkg'
[0.550s] Level 1:colcon.colcon_core.package_identification:_identify(.) by extensions ['colcon_meta']
[0.550s] Level 1:colcon.colcon_core.package_identification:_identify(.) by extension 'colcon_meta'
[0.550s] Level 1:colcon.colcon_core.package_identification:_identify(.) by extensions ['ros']
[0.550s] Level 1:colcon.colcon_core.package_identification:_identify(.) by extension 'ros'
[0.582s] DEBUG:colcon.colcon_core.package_identification:Package '.' with type 'ros.ament_cmake' and name 'marsdog_action_executor'
[0.582s] Level 1:colcon.colcon_core.package_discovery:discover_packages(recursive) using defaults
[0.582s] Level 1:colcon.colcon_core.package_discovery:discover_packages(ignore) discover
[0.582s] Level 1:colcon.colcon_core.package_discovery:discover_packages(ignore) using defaults
[0.582s] Level 1:colcon.colcon_core.package_discovery:discover_packages(path) discover
[0.582s] Level 1:colcon.colcon_core.package_discovery:discover_packages(path) using defaults
[0.583s] WARNING:colcon.colcon_core.package_selection:ignoring unknown package 'marsdog_interfaces' in --packages-select
[0.649s] Level 1:colcon.colcon_core.package_discovery:discover_packages(prefix_path) check parameters
[0.649s] Level 1:colcon.colcon_core.package_discovery:discover_packages(prefix_path) discover
[0.654s] DEBUG:colcon.colcon_installed_package_information.package_discovery:Found 267 installed packages in /opt/ros/humble
[0.656s] Level 1:colcon.colcon_core.package_discovery:discover_packages(prefix_path) using defaults
[0.749s] Level 5:colcon.colcon_core.verb:set package 'marsdog_action_executor' build argument 'cmake_args' from command line to 'None'
[0.749s] Level 5:colcon.colcon_core.verb:set package 'marsdog_action_executor' build argument 'cmake_target' from command line to 'None'
[0.749s] Level 5:colcon.colcon_core.verb:set package 'marsdog_action_executor' build argument 'cmake_target_skip_unavailable' from command line to 'False'
[0.749s] Level 5:colcon.colcon_core.verb:set package 'marsdog_action_executor' build argument 'cmake_clean_cache' from command line to 'False'
[0.749s] Level 5:colcon.colcon_core.verb:set package 'marsdog_action_executor' build argument 'cmake_clean_first' from command line to 'False'
[0.749s] Level 5:colcon.colcon_core.verb:set package 'marsdog_action_executor' build argument 'cmake_force_configure' from command line to 'False'
[0.749s] Level 5:colcon.colcon_core.verb:set package 'marsdog_action_executor' build argument 'ament_cmake_args' from command line to 'None'
[0.749s] Level 5:colcon.colcon_core.verb:set package 'marsdog_action_executor' build argument 'catkin_cmake_args' from command line to 'None'
[0.749s] Level 5:colcon.colcon_core.verb:set package 'marsdog_action_executor' build argument 'catkin_skip_building_tests' from command line to 'False'
[0.749s] DEBUG:colcon.colcon_core.verb:Building package 'marsdog_action_executor' with the following arguments: {'ament_cmake_args': None, 'build_base': '/home/cat/xbb/20260707_MarsDogAction/build/marsdog_action_executor', 'catkin_cmake_args': None, 'catkin_skip_building_tests': False, 'cmake_args': None, 'cmake_clean_cache': False, 'cmake_clean_first': False, 'cmake_force_configure': False, 'cmake_target': None, 'cmake_target_skip_unavailable': False, 'install_base': '/home/cat/xbb/20260707_MarsDogAction/install/marsdog_action_executor', 'merge_install': False, 'path': '/home/cat/xbb/20260707_MarsDogAction', 'symlink_install': True, 'test_result_base': None}
[0.750s] INFO:colcon.colcon_core.executor:Executing jobs using 'parallel' executor
[0.752s] DEBUG:colcon.colcon_parallel_executor.executor.parallel:run_until_complete
[0.753s] INFO:colcon.colcon_ros.task.ament_cmake.build:Building ROS package in '/home/cat/xbb/20260707_MarsDogAction' with build type 'ament_cmake'
[0.753s] INFO:colcon.colcon_cmake.task.cmake.build:Building CMake package in '/home/cat/xbb/20260707_MarsDogAction'
[0.758s] INFO:colcon.colcon_core.plugin_system:Skipping extension 'colcon_core.shell.bat': Not used on non-Windows systems
[0.758s] INFO:colcon.colcon_core.shell:Skip shell extension 'powershell' for command environment: Not usable outside of PowerShell
[0.758s] DEBUG:colcon.colcon_core.shell:Skip shell extension 'dsv' for command environment
[0.780s] DEBUG:colcon.colcon_core.event_handler.log_command:Invoking command in '/home/cat/xbb/20260707_MarsDogAction/build/marsdog_action_executor': CMAKE_PREFIX_PATH=/opt/ros/humble /usr/bin/cmake /home/cat/xbb/20260707_MarsDogAction -DAMENT_CMAKE_SYMLINK_INSTALL=1 -DCMAKE_INSTALL_PREFIX=/home/cat/xbb/20260707_MarsDogAction/install/marsdog_action_executor
[3.824s] DEBUG:colcon.colcon_core.event_handler.log_command:Invoked command in '/home/cat/xbb/20260707_MarsDogAction/build/marsdog_action_executor' returned '1': CMAKE_PREFIX_PATH=/opt/ros/humble /usr/bin/cmake /home/cat/xbb/20260707_MarsDogAction -DAMENT_CMAKE_SYMLINK_INSTALL=1 -DCMAKE_INSTALL_PREFIX=/home/cat/xbb/20260707_MarsDogAction/install/marsdog_action_executor
[3.847s] Level 1:colcon.colcon_core.environment:create_environment_scripts_only(marsdog_action_executor)
[3.851s] Level 1:colcon.colcon_core.environment:checking '/home/cat/xbb/20260707_MarsDogAction/install/marsdog_action_executor' for CMake module files
[3.851s] Level 1:colcon.colcon_core.environment:checking '/home/cat/xbb/20260707_MarsDogAction/install/marsdog_action_executor' for CMake config files
[3.852s] Level 1:colcon.colcon_core.environment:checking '/home/cat/xbb/20260707_MarsDogAction/install/marsdog_action_executor/bin'
[3.852s] Level 1:colcon.colcon_core.environment:checking '/home/cat/xbb/20260707_MarsDogAction/install/marsdog_action_executor/lib/pkgconfig/marsdog_action_executor.pc'
[3.852s] Level 1:colcon.colcon_core.environment:checking '/home/cat/xbb/20260707_MarsDogAction/install/marsdog_action_executor/lib/python3.10/site-packages'
[3.853s] Level 1:colcon.colcon_core.environment:checking '/home/cat/xbb/20260707_MarsDogAction/install/marsdog_action_executor/bin'
[3.854s] INFO:colcon.colcon_core.shell:Creating package script '/home/cat/xbb/20260707_MarsDogAction/install/marsdog_action_executor/share/marsdog_action_executor/package.ps1'
[3.856s] INFO:colcon.colcon_core.shell:Creating package descriptor '/home/cat/xbb/20260707_MarsDogAction/install/marsdog_action_executor/share/marsdog_action_executor/package.dsv'
[3.857s] INFO:colcon.colcon_core.shell:Creating package script '/home/cat/xbb/20260707_MarsDogAction/install/marsdog_action_executor/share/marsdog_action_executor/package.sh'
[3.858s] INFO:colcon.colcon_core.shell:Creating package script '/home/cat/xbb/20260707_MarsDogAction/install/marsdog_action_executor/share/marsdog_action_executor/package.bash'
[3.860s] INFO:colcon.colcon_core.shell:Creating package script '/home/cat/xbb/20260707_MarsDogAction/install/marsdog_action_executor/share/marsdog_action_executor/package.zsh'
[3.861s] Level 1:colcon.colcon_core.environment:create_file_with_runtime_dependencies(/home/cat/xbb/20260707_MarsDogAction/install/marsdog_action_executor/share/colcon-core/packages/marsdog_action_executor)
[3.872s] DEBUG:colcon.colcon_parallel_executor.executor.parallel:closing loop
[3.872s] DEBUG:colcon.colcon_parallel_executor.executor.parallel:loop closed
[3.872s] DEBUG:colcon.colcon_parallel_executor.executor.parallel:run_until_complete finished with '1'
[3.872s] DEBUG:colcon.colcon_core.event_reactor:joining thread
[3.873s] DEBUG:colcon.colcon_core.event_reactor:joined thread
[3.874s] INFO:colcon.colcon_core.shell:Creating prefix script '/home/cat/xbb/20260707_MarsDogAction/install/local_setup.ps1'
[3.875s] INFO:colcon.colcon_core.shell:Creating prefix util module '/home/cat/xbb/20260707_MarsDogAction/install/_local_setup_util_ps1.py'
[3.877s] INFO:colcon.colcon_core.shell:Creating prefix chain script '/home/cat/xbb/20260707_MarsDogAction/install/setup.ps1'
[3.879s] INFO:colcon.colcon_core.shell:Creating prefix script '/home/cat/xbb/20260707_MarsDogAction/install/local_setup.sh'
[3.880s] INFO:colcon.colcon_core.shell:Creating prefix util module '/home/cat/xbb/20260707_MarsDogAction/install/_local_setup_util_sh.py'
[3.881s] INFO:colcon.colcon_core.shell:Creating prefix chain script '/home/cat/xbb/20260707_MarsDogAction/install/setup.sh'
[3.882s] INFO:colcon.colcon_core.shell:Creating prefix script '/home/cat/xbb/20260707_MarsDogAction/install/local_setup.bash'
[3.883s] INFO:colcon.colcon_core.shell:Creating prefix chain script '/home/cat/xbb/20260707_MarsDogAction/install/setup.bash'
[3.884s] INFO:colcon.colcon_core.shell:Creating prefix script '/home/cat/xbb/20260707_MarsDogAction/install/local_setup.zsh'
[3.885s] INFO:colcon.colcon_core.shell:Creating prefix chain script '/home/cat/xbb/20260707_MarsDogAction/install/setup.zsh'
